Component: ARM Compiler 6.16 Tool: armlink [5dfeaa00]

==============================================================================

Section Cross References

    startup_stm32f767xx.o(RESET) refers to startup_stm32f767xx.o(STACK) for __initial_sp
    startup_stm32f767xx.o(RESET) refers to startup_stm32f767xx.o(.text) for Reset_Handler
    startup_stm32f767xx.o(RESET) refers to stm32f7xx_it.o(.text.NMI_Handler) for NMI_Handler
    startup_stm32f767xx.o(RESET) refers to stm32f7xx_it.o(.text.HardFault_Handler) for HardFault_Handler
    startup_stm32f767xx.o(RESET) refers to stm32f7xx_it.o(.text.MemManage_Handler) for MemManage_Handler
    startup_stm32f767xx.o(RESET) refers to stm32f7xx_it.o(.text.BusFault_Handler) for BusFault_Handler
    startup_stm32f767xx.o(RESET) refers to stm32f7xx_it.o(.text.UsageFault_Handler) for UsageFault_Handler
    startup_stm32f767xx.o(RESET) refers to stm32f7xx_it.o(.text.SVC_Handler) for SVC_Handler
    startup_stm32f767xx.o(RESET) refers to stm32f7xx_it.o(.text.DebugMon_Handler) for DebugMon_Handler
    startup_stm32f767xx.o(RESET) refers to stm32f7xx_it.o(.text.PendSV_Handler) for PendSV_Handler
    startup_stm32f767xx.o(RESET) refers to stm32f7xx_it.o(.text.SysTick_Handler) for SysTick_Handler
    startup_stm32f767xx.o(RESET) refers to stm32f7xx_it.o(.text.TIM1_UP_TIM10_IRQHandler) for TIM1_UP_TIM10_IRQHandler
    startup_stm32f767xx.o(RESET) refers to tim.o(.text.TIM5_IRQHandler) for TIM5_IRQHandler
    startup_stm32f767xx.o(.text) refers to system_stm32f7xx.o(.text.SystemInit) for SystemInit
    startup_stm32f767xx.o(.text) refers to entry.o(.ARM.Collect$$$$00000000) for __main
    main.o(.text.main) refers to stm32f7xx_hal.o(.text.HAL_Init) for HAL_Init
    main.o(.text.main) refers to main.o(.text.SystemClock_Config) for SystemClock_Config
    main.o(.text.main) refers to usart.o(.text.MX_USART1_UART_Init) for MX_USART1_UART_Init
    main.o(.text.main) refers to usart.o(.text.MX_USART2_UART_Init) for MX_USART2_UART_Init
    main.o(.text.main) refers to gpio.o(.text.MX_GPIO_Init) for MX_GPIO_Init
    main.o(.text.main) refers to tim.o(.text.MX_TIM1_Init) for MX_TIM1_Init
    main.o(.text.main) refers to tim.o(.text.MX_TIM2_Init) for MX_TIM2_Init
    main.o(.text.main) refers to tim.o(.text.MX_TIM5_Init) for MX_TIM5_Init
    main.o(.text.main) refers to tim.o(.text.MX_TIM6_Init) for MX_TIM6_Init
    main.o(.text.main) refers to motor.o(.text.CarGoStr) for CarGoStr
    main.o(.text.main) refers to tim.o(.bss.htim1) for htim1
    main.o(.text.main) refers to stm32f7xx_hal_tim.o(.text.HAL_TIM_Base_Start_IT) for HAL_TIM_Base_Start_IT
    main.o(.text.main) refers to tim.o(.bss.htim2) for htim2
    main.o(.text.main) refers to stm32f7xx_hal_tim.o(.text.HAL_TIM_Base_Start) for HAL_TIM_Base_Start
    main.o(.text.main) refers to tim.o(.bss.htim5) for htim5
    main.o(.text.main) refers to stm32f7xx_hal_tim.o(.text.HAL_TIM_IC_Start_IT) for HAL_TIM_IC_Start_IT
    main.o(.text.main) refers to stm32f7xx_hal_gpio.o(.text.HAL_GPIO_WritePin) for HAL_GPIO_WritePin
    main.o(.text.main) refers to stm32f7xx_hal.o(.text.HAL_Delay) for HAL_Delay
    main.o(.text.main) refers to main.o(.bss.RGB_Scale) for RGB_Scale
    main.o(.text.main) refers to tim.o(.bss.cnt) for cnt
    main.o(.text.main) refers to printfa.o(i.__0printf) for __2printf
    main.o(.text.main) refers to puts.o(i.puts) for puts
    main.o(.text.main) refers to motor.o(.text.CarGo) for CarGo
    main.o(.text.main) refers to gpio.o(.bss.flag) for flag
    main.o(.text.main) refers to gpio.o(.bss.count) for count
    main.o(.text.main) refers to stm32f7xx_hal_gpio.o(.text.HAL_GPIO_TogglePin) for HAL_GPIO_TogglePin
    main.o(.text.main) refers to stm32f7xx_hal_gpio.o(.text.HAL_GPIO_ReadPin) for HAL_GPIO_ReadPin
    main.o(.text.main) refers to main.o(.bss.KEY1) for KEY1
    main.o(.text.main) refers to main.o(.bss.KEY2) for KEY2
    main.o(.text.main) refers to main.o(.bss.KEY3) for KEY3
    main.o(.text.main) refers to main.o(.bss.KEY4) for KEY4
    main.o(.text.main) refers to main.o(.bss.KEY5) for KEY5
    main.o(.text.main) refers to gpio.o(.text.Sonic_Trig) for Sonic_Trig
    main.o(.text.main) refers to motor.o(.text.TurnRight) for TurnRight
    main.o(.text.main) refers to motor.o(.text.GoBack) for GoBack
    main.o(.text.main) refers to motor.o(.text.TurnRightB) for TurnRightB
    main.o(.text.main) refers to motor.o(.text.TurnLeftB) for TurnLeftB
    main.o(.text.main) refers to motor.o(.text.TurnLeft) for TurnLeft
    main.o(.text.main) refers to main.o(.bss.black_cnt) for black_cnt
    main.o(.text.main) refers to motor.o(.text.Stop) for Stop
    main.o(.ARM.exidx.text.main) refers to main.o(.text.main) for [Anonymous Symbol]
    main.o(.text.SystemClock_Config) refers to memseta.o(.text) for __aeabi_memclr4
    main.o(.text.SystemClock_Config) refers to stm32f7xx_hal_rcc.o(.text.HAL_RCC_OscConfig) for HAL_RCC_OscConfig
[...]
    Removing stm32f7xx_hal_uart_ex.o(.text.HAL_UARTEx_DisableClockStopMode), (32 bytes).
    Removing stm32f7xx_hal_uart_ex.o(.ARM.exidx.text.HAL_UARTEx_DisableClockStopMode), (8 bytes).
    Removing stm32f7xx_hal_uart_ex.o(.text.HAL_MultiProcessorEx_AddressLength_Set), (46 bytes).
    Removing stm32f7xx_hal_uart_ex.o(.ARM.exidx.text.HAL_MultiProcessorEx_AddressLength_Set), (8 bytes).
    Removing stm32f7xx_hal_uart_ex.o(.text.HAL_UARTEx_StopModeWakeUpSourceConfig), (116 bytes).
    Removing stm32f7xx_hal_uart_ex.o(.ARM.exidx.text.HAL_UARTEx_StopModeWakeUpSourceConfig), (8 bytes).
    Removing stm32f7xx_hal_uart_ex.o(.text.UARTEx_Wakeup_AddressConfig), (28 bytes).
    Removing stm32f7xx_hal_uart_ex.o(.ARM.exidx.text.UARTEx_Wakeup_AddressConfig), (8 bytes).
    Removing stm32f7xx_hal_uart_ex.o(.text.HAL_UARTEx_EnableStopMode), (32 bytes).
    Removing stm32f7xx_hal_uart_ex.o(.ARM.exidx.text.HAL_UARTEx_EnableStopMode), (8 bytes).
    Removing stm32f7xx_hal_uart_ex.o(.text.HAL_UARTEx_DisableStopMode), (32 bytes).
    Removing stm32f7xx_hal_uart_ex.o(.ARM.exidx.text.HAL_UARTEx_DisableStopMode), (8 bytes).
    Removing stm32f7xx_hal_uart_ex.o(.text.HAL_UARTEx_ReceiveToIdle), (330 bytes).
    Removing stm32f7xx_hal_uart_ex.o(.ARM.exidx.text.HAL_UARTEx_ReceiveToIdle), (8 bytes).
    Removing stm32f7xx_hal_uart_ex.o(.text.HAL_UARTEx_ReceiveToIdle_IT), (80 bytes).
    Removing stm32f7xx_hal_uart_ex.o(.ARM.exidx.text.HAL_UARTEx_ReceiveToIdle_IT), (8 bytes).
    Removing stm32f7xx_hal_uart_ex.o(.text.HAL_UARTEx_ReceiveToIdle_DMA), (80 bytes).
    Removing stm32f7xx_hal_uart_ex.o(.ARM.exidx.text.HAL_UARTEx_ReceiveToIdle_DMA), (8 bytes).
    Removing system_stm32f7xx.o(.text), (0 bytes).
    Removing system_stm32f7xx.o(.ARM.exidx.text.SystemInit), (8 bytes).
    Removing system_stm32f7xx.o(.text.SystemCoreClockUpdate), (126 bytes).
    Removing system_stm32f7xx.o(.ARM.exidx.text.SystemCoreClockUpdate), (8 bytes).

1063 unused section(s) (total 52318 bytes) removed from the image.

==============================================================================

Image Symbol Table

    Local Symbols

    Symbol Name                              Value     Ov Type        Size  Object(Section)

    ../clib/division.s                       0x00000000   Number         0  aeabi_sdiv.o ABSOLUTE
    ../clib/microlib/division.c              0x00000000   Number         0  uldiv.o ABSOLUTE
    ../clib/microlib/division.c              0x00000000   Number         0  uidiv.o ABSOLUTE
    ../clib/microlib/init/entry.s            0x00000000   Number         0  entry.o ABSOLUTE
    ../clib/microlib/init/entry.s            0x00000000   Number         0  entry2.o ABSOLUTE
    ../clib/microlib/init/entry.s            0x00000000   Number         0  entry5.o ABSOLUTE
    ../clib/microlib/init/entry.s            0x00000000   Number         0  entry7a.o ABSOLUTE
    ../clib/microlib/init/entry.s            0x00000000   Number         0  entry7b.o ABSOLUTE
    ../clib/microlib/init/entry.s            0x00000000   Number         0  entry8a.o ABSOLUTE
    ../clib/microlib/init/entry.s            0x00000000   Number         0  entry8b.o ABSOLUTE
    ../clib/microlib/init/entry.s            0x00000000   Number         0  entry9a.o ABSOLUTE
    ../clib/microlib/init/entry.s            0x00000000   Number         0  entry9b.o ABSOLUTE
    ../clib/microlib/init/entry.s            0x00000000   Number         0  entry10a.o ABSOLUTE
    ../clib/microlib/init/entry.s            0x00000000   Number         0  entry10b.o ABSOLUTE
    ../clib/microlib/init/entry.s            0x00000000   Number         0  entry11a.o ABSOLUTE
    ../clib/microlib/init/entry.s            0x00000000   Number         0  entry11b.o ABSOLUTE
    ../clib/microlib/longlong.c              0x00000000   Number         0  llshl.o ABSOLUTE
    ../clib/microlib/longlong.c              0x00000000   Number         0  llushr.o ABSOLUTE
    ../clib/microlib/longlong.c              0x00000000   Number         0  llsshr.o ABSOLUTE
    ../clib/microlib/printf/printf.c         0x00000000   Number         0  printfb.o ABSOLUTE
    ../clib/microlib/printf/printf.c         0x00000000   Number         0  printf0.o ABSOLUTE
    ../clib/microlib/printf/printf.c         0x00000000   Number         0  printf1.o ABSOLUTE
    ../clib/microlib/printf/printf.c         0x00000000   Number         0  printf2.o ABSOLUTE
    ../clib/microlib/printf/printf.c         0x00000000   Number         0  printf3.o ABSOLUTE
    ../clib/microlib/printf/printf.c         0x00000000   Number         0  printf4.o ABSOLUTE
    ../clib/microlib/printf/printf.c         0x00000000   Number         0  printf5.o ABSOLUTE
    ../clib/microlib/printf/printf.c         0x00000000   Number         0  printf6.o ABSOLUTE
    ../clib/microlib/printf/printf.c         0x00000000   Number         0  printf7.o ABSOLUTE
    ../clib/microlib/printf/printf.c         0x00000000   Number         0  printf8.o ABSOLUTE
    ../clib/microlib/printf/printf.c         0x00000000   Number         0  printfa.o ABSOLUTE
    ../clib/microlib/printf/stubs.s          0x00000000   Number         0  printfstubs.o ABSOLUTE
    ../clib/microlib/stdio/puts.c            0x00000000   Number         0  puts.o ABSOLUTE
    ../clib/microlib/stdio/puts.c            0x00000000   Number         0  puts_e.o ABSOLUTE
    ../clib/microlib/stdio/streams.c         0x00000000   Number         0  stdout.o ABSOLUTE
    ../clib/microlib/string/memset.c         0x00000000   Number         0  memseta.o ABSOLUTE
    ../clib/microlib/string/strcat.c         0x00000000   Number         0  strcat.o ABSOLUTE
    ../clib/microlib/string/strlen.c         0x00000000   Number         0  strlen.o ABSOLUTE
    ../clib/microlib/stubs.s                 0x00000000   Number         0  iusefp.o ABSOLUTE
    ../fplib/microlib/fpadd.c                0x00000000   Number         0  dadd.o ABSOLUTE
    ../fplib/microlib/fpdiv.c                0x00000000   Number         0  ddiv.o ABSOLUTE
    ../fplib/microlib/fpepilogue.c           0x00000000   Number         0  depilogue.o ABSOLUTE
    ../fplib/microlib/fpfix.c                0x00000000   Number         0  dfixul.o ABSOLUTE
    ../fplib/microlib/fpmul.c                0x00000000   Number         0  dmul.o ABSOLUTE
    cdrcmple.s                               0x00000000   Number         0  cdrcmple.o ABSOLUTE
    dc.s                                     0x00000000   Number         0  dc.o ABSOLUTE
    gpio.c                                   0x00000000   Number         0  gpio.o ABSOLUTE
    handlers.s                               0x00000000   Number         0  handlers.o ABSOLUTE
    init.s                                   0x00000000   Number         0  init.o ABSOLUTE
    main.c                                   0x00000000   Number         0  main.o ABSOLUTE
    motor.c                                  0x00000000   Number         0  motor.o ABSOLUTE
    startup_stm32f767xx.s                    0x00000000   Number         0  startup_stm32f767xx.o ABSOLUTE
    stm32f7xx_hal.c                          0x00000000   Number         0  stm32f7xx_hal.o ABSOLUTE
    stm32f7xx_hal_cortex.c                   0x00000000   Number         0  stm32f7xx_hal_cortex.o ABSOLUTE
    stm32f7xx_hal_dma.c                      0x00000000   Number         0  stm32f7xx_hal_dma.o ABSOLUTE
    stm32f7xx_hal_dma_ex.c                   0x00000000   Number         0  stm32f7xx_hal_dma_ex.o ABSOLUTE
    stm32f7xx_hal_exti.c                     0x00000000   Number         0  stm32f7xx_hal_exti.o ABSOLUTE
    stm32f7xx_hal_flash.c                    0x00000000   Number         0  stm32f7xx_hal_flash.o ABSOLUTE
    stm32f7xx_hal_flash_ex.c                 0x00000000   Number         0  stm32f7xx_hal_flash_ex.o ABSOLUTE
    stm32f7xx_hal_gpio.c                     0x00000000   Number         0  stm32f7xx_hal_gpio.o ABSOLUTE
    stm32f7xx_hal_i2c.c                      0x00000000   Number         0  stm32f7xx_hal_i2c.o ABSOLUTE
    stm32f7xx_hal_i2c_ex.c                   0x00000000   Number         0  stm32f7xx_hal_i2c_ex.o ABSOLUTE
    stm32f7xx_hal_msp.c                      0x00000000   Number         0  stm32f7xx_hal_msp.o ABSOLUTE
    stm32f7xx_hal_pwr.c                      0x00000000   Number         0  stm32f7xx_hal_pwr.o ABSOLUTE
    stm32f7xx_hal_pwr_ex.c                   0x00000000   Number         0  stm32f7xx_hal_pwr_ex.o ABSOLUTE
    stm32f7xx_hal_rcc.c                      0x00000000   Number         0  stm32f7xx_hal_rcc.o ABSOLUTE
    stm32f7xx_hal_rcc_ex.c                   0x00000000   Number         0  stm32f7xx_hal_rcc_ex.o ABSOLUTE
    stm32f7xx_hal_tim.c                      0x00000000   Number         0  stm32f7xx_hal_tim.o ABSOLUTE
    stm32f7xx_hal_tim_ex.c                   0x00000000   Number         0  stm32f7xx_hal_tim_ex.o ABSOLUTE
    stm32f7xx_hal_uart.c                     0x00000000   Number         0  stm32f7xx_hal_uart.o ABSOLUTE
    stm32f7xx_hal_uart_ex.c                  0x00000000   Number         0  stm32f7xx_hal_uart_ex.o ABSOLUTE
    stm32f7xx_it.c                           0x00000000   Number         0  stm32f7xx_it.o ABSOLUTE
    system_stm32f7xx.c                       0x00000000   Number         0  system_stm32f7xx.o ABSOLUTE
    tim.c                                    0x00000000   Number         0  tim.o ABSOLUTE
    usart.c                                  0x00000000   Number         0  usart.o ABSOLUTE
    RESET                                    0x08000000   Section      504  startup_stm32f767xx.o(RESET)
    .ARM.Collect$$$$00000000                 0x080001f8   Section        0  entry.o(.ARM.Collect$$$$00000000)
    .ARM.Collect$$$$00000001                 0x080001f8   Section        4  entry2.o(.ARM.Collect$$$$00000001)
    .ARM.Collect$$$$00000004                 0x080001fc   Section        4  entry5.o(.ARM.Collect$$$$00000004)
    .ARM.Collect$$$$00000008                 0x08000200   Section        0  entry7b.o(.ARM.Collect$$$$00000008)
    .ARM.Collect$$$$0000000A                 0x08000200   Section        0  entry8b.o(.ARM.Collect$$$$0000000A)
    .ARM.Collect$$$$0000000B                 0x08000200   Section        8  entry9a.o(.ARM.Collect$$$$0000000B)
    __lit__00000000                          0x08000208   Data           4  entry2.o(.ARM.Collect$$$$00002712)
    .ARM.Collect$$$$0000000D                 0x08000208   Section        0  entry10a.o(.ARM.Collect$$$$0000000D)
    .ARM.Collect$$$$0000000F                 0x08000208   Section        0  entry11a.o(.ARM.Collect$$$$0000000F)
    .ARM.Collect$$$$00002712                 0x08000208   Section        4  entry2.o(.ARM.Collect$$$$00002712)
    $v0                                      0x0800020c   Number         0  startup_stm32f767xx.o(.text)
    .text                                    0x0800020c   Section       36  startup_stm32f767xx.o(.text)
    .text                                    0x08000230   Section        0  uldiv.o(.text)
    .text                                    0x08000292   Section        0  memseta.o(.text)
    .text                                    0x080002b6   Section        0  strcat.o(.text)
    .text                                    0x080002ce   Section        0  strlen.o(.text)
    .text                                    0x080002dc   Section        0  uidiv.o(.text)
    .text                                    0x08000308   Section        0  llshl.o(.text)
    .text                                    0x08000326   Section        0  llushr.o(.text)
    .text                                    0x08000346   Section        0  iusefp.o(.text)
    .text                                    0x08000346   Section        0  dadd.o(.text)
    .text                                    0x08000494   Section        0  dmul.o(.text)
    .text                                    0x08000578   Section        0  ddiv.o(.text)
    .text                                    0x08000656   Section        0  dfixul.o(.text)
    .text                                    0x08000688   Section       48  cdrcmple.o(.text)
    .text                                    0x080006b8   Section       36  init.o(.text)
    .text                                    0x080006dc   Section        0  llsshr.o(.text)
    .text                                    0x08000700   Section        0  depilogue.o(.text)
    [Anonymous Symbol]                       0x080007c0   Section        0  stm32f7xx_it.o(.text.BusFault_Handler)
    [Anonymous Symbol]                       0x080007c8   Section        0  motor.o(.text.CarGo)
    [Anonymous Symbol]                       0x080007f8   Section        0  motor.o(.text.CarGoStr)
    [Anonymous Symbol]                       0x08000838   Section        0  stm32f7xx_it.o(.text.DebugMon_Handler)
    [Anonymous Symbol]                       0x08000840   Section        0  tim.o(.text.Delay_us)
    [Anonymous Symbol]                       0x08000870   Section        0  main.o(.text.Error_Handler)
    [Anonymous Symbol]                       0x08000878   Section        0  motor.o(.text.GoBack)
    [Anonymous Symbol]                       0x080008b8   Section        0  stm32f7xx_hal.o(.text.HAL_Delay)
    [Anonymous Symbol]                       0x080008e0   Section        0  stm32f7xx_hal_gpio.o(.text.HAL_GPIO_Init)
    [Anonymous Symbol]                       0x08000a78   Section        0  stm32f7xx_hal_gpio.o(.text.HAL_GPIO_ReadPin)
    [Anonymous Symbol]                       0x08000a88   Section        0  stm32f7xx_hal_gpio.o(.text.HAL_GPIO_TogglePin)
    [Anonymous Symbol]                       0x08000a98   Section        0  stm32f7xx_hal_gpio.o(.text.HAL_GPIO_WritePin)
    [Anonymous Symbol]                       0x08000aa8   Section        0  stm32f7xx_hal.o(.text.HAL_GetTick)
    [Anonymous Symbol]                       0x08000ab8   Section        0  stm32f7xx_hal.o(.text.HAL_IncTick)
    [Anonymous Symbol]                       0x08000ad8   Section        0  stm32f7xx_hal.o(.text.HAL_Init)
    [Anonymous Symbol]                       0x08000af0   Section        0  stm32f7xx_hal.o(.text.HAL_InitTick)
    [Anonymous Symbol]                       0x08000b40   Section        0  stm32f7xx_hal_msp.o(.text.HAL_MspInit)
    [Anonymous Symbol]                       0x08000b78   Section        0  stm32f7xx_hal_cortex.o(.text.HAL_NVIC_EnableIRQ)
    [Anonymous Symbol]                       0x08000b80   Section        0  stm32f7xx_hal_cortex.o(.text.HAL_NVIC_SetPriority)
    [Anonymous Symbol]                       0x08000ba0   Section        0  stm32f7xx_hal_cortex.o(.text.HAL_NVIC_SetPriorityGrouping)
    [Anonymous Symbol]                       0x08000ba8   Section        0  stm32f7xx_hal_pwr_ex.o(.text.HAL_PWREx_EnableOverDrive)
    [Anonymous Symbol]                       0x08000c20   Section        0  stm32f7xx_hal_rcc_ex.o(.text.HAL_RCCEx_PeriphCLKConfig)
    [Anonymous Symbol]                       0x080011e0   Section        0  stm32f7xx_hal_rcc.o(.text.HAL_RCC_ClockConfig)
    [Anonymous Symbol]                       0x08001338   Section        0  stm32f7xx_hal_rcc.o(.text.HAL_RCC_GetHCLKFreq)
    [Anonymous Symbol]                       0x08001348   Section        0  stm32f7xx_hal_rcc.o(.text.HAL_RCC_GetPCLK1Freq)
    [Anonymous Symbol]                       0x08001370   Section        0  stm32f7xx_hal_rcc.o(.text.HAL_RCC_GetPCLK2Freq)
    [Anonymous Symbol]                       0x08001398   Section        0  stm32f7xx_hal_rcc.o(.text.HAL_RCC_GetSysClockFreq)
    [Anonymous Symbol]                       0x08001408   Section        0  stm32f7xx_hal_rcc.o(.text.HAL_RCC_OscConfig)
    [Anonymous Symbol]                       0x08001758   Section        0  stm32f7xx_hal_cortex.o(.text.HAL_SYSTICK_Config)
    [Anonymous Symbol]                       0x08001760   Section        0  stm32f7xx_hal_tim_ex.o(.text.HAL_TIMEx_Break2Callback)
    [Anonymous Symbol]                       0x08001768   Section        0  stm32f7xx_hal_tim_ex.o(.text.HAL_TIMEx_BreakCallback)
    [Anonymous Symbol]                       0x08001770   Section        0  stm32f7xx_hal_tim_ex.o(.text.HAL_TIMEx_CommutCallback)
    [Anonymous Symbol]                       0x08001778   Section        0  stm32f7xx_hal_tim_ex.o(.text.HAL_TIMEx_MasterConfigSynchronization)
    [Anonymous Symbol]                       0x08001848   Section        0  stm32f7xx_hal_tim.o(.text.HAL_TIM_Base_Init)
    [Anonymous Symbol]                       0x080018a8   Section        0  tim.o(.text.HAL_TIM_Base_MspInit)
    [Anonymous Symbol]                       0x08001a08   Section        0  stm32f7xx_hal_tim.o(.text.HAL_TIM_Base_Start)
    [Anonymous Symbol]                       0x08001ab8   Section        0  stm32f7xx_hal_tim.o(.text.HAL_TIM_Base_Start_IT)
    [Anonymous Symbol]                       0x08001b70   Section        0  stm32f7xx_hal_tim.o(.text.HAL_TIM_Base_Stop)
    [Anonymous Symbol]                       0x08001ba0   Section        0  stm32f7xx_hal_tim.o(.text.HAL_TIM_ConfigClockSource)
    [Anonymous Symbol]                       0x08001c78   Section        0  tim.o(.text.HAL_TIM_IC_CaptureCallback)
    [Anonymous Symbol]                       0x08001de0   Section        0  stm32f7xx_hal_tim.o(.text.HAL_TIM_IC_ConfigChannel)
    [Anonymous Symbol]                       0x08001e78   Section        0  stm32f7xx_hal_tim.o(.text.HAL_TIM_IC_Init)
    [Anonymous Symbol]                       0x08001ed8   Section        0  stm32f7xx_hal_tim.o(.text.HAL_TIM_IC_MspInit)
    [Anonymous Symbol]                       0x08001ee0   Section        0  stm32f7xx_hal_tim.o(.text.HAL_TIM_IC_Start_IT)
    [Anonymous Symbol]                       0x08002078   Section        0  stm32f7xx_hal_tim.o(.text.HAL_TIM_IRQHandler)
    [Anonymous Symbol]                       0x08002200   Section        0  stm32f7xx_hal_tim.o(.text.HAL_TIM_OC_DelayElapsedCallback)
    [Anonymous Symbol]                       0x08002208   Section        0  stm32f7xx_hal_tim.o(.text.HAL_TIM_PWM_PulseFinishedCallback)
    [Anonymous Symbol]                       0x08002210   Section        0  tim.o(.text.HAL_TIM_PeriodElapsedCallback)
    [Anonymous Symbol]                       0x08002318   Section        0  stm32f7xx_hal_tim.o(.text.HAL_TIM_ReadCapturedValue)
    [Anonymous Symbol]                       0x08002350   Section        0  stm32f7xx_hal_tim.o(.text.HAL_TIM_SlaveConfigSynchro)
    [Anonymous Symbol]                       0x080023a0   Section        0  stm32f7xx_hal_tim.o(.text.HAL_TIM_TriggerCallback)
    [Anonymous Symbol]                       0x080023a8   Section        0  stm32f7xx_hal_uart.o(.text.HAL_UART_Init)
    [Anonymous Symbol]                       0x08002408   Section        0  usart.o(.text.HAL_UART_MspInit)
    [Anonymous Symbol]                       0x080024b8   Section        0  stm32f7xx_hal_uart.o(.text.HAL_UART_Transmit)
    [Anonymous Symbol]                       0x08002590   Section        0  stm32f7xx_it.o(.text.HardFault_Handler)
    [Anonymous Symbol]                       0x08002598   Section        0  gpio.o(.text.MX_GPIO_Init)
    [Anonymous Symbol]                       0x080026f0   Section        0  tim.o(.text.MX_TIM1_Init)
    [Anonymous Symbol]                       0x08002770   Section        0  tim.o(.text.MX_TIM2_Init)
    [Anonymous Symbol]                       0x080027f0   Section        0  tim.o(.text.MX_TIM5_Init)
    [Anonymous Symbol]                       0x080028b8   Section        0  tim.o(.text.MX_TIM6_Init)
    [Anonymous Symbol]                       0x08002910   Section        0  usart.o(.text.MX_USART1_UART_Init)
    [Anonymous Symbol]                       0x08002950   Section        0  usart.o(.text.MX_USART2_UART_Init)
    [Anonymous Symbol]                       0x08002990   Section        0  stm32f7xx_it.o(.text.MemManage_Handler)
    [Anonymous Symbol]                       0x08002998   Section        0  usart.o(.text.Motor_GO)
    [Anonymous Symbol]                       0x08002aa0   Section        0  usart.o(.text.Motor_Rotate)
    [Anonymous Symbol]                       0x08002be0   Section        0  usart.o(.text.Motor_Stop)
    [Anonymous Symbol]                       0x08002ce8   Section        0  stm32f7xx_it.o(.text.NMI_Handler)
    NVIC_EncodePriority                      0x08002cf1   Thumb Code    46  stm32f7xx_hal_cortex.o(.text.NVIC_EncodePriority)
    [Anonymous Symbol]                       0x08002cf0   Section        0  stm32f7xx_hal_cortex.o(.text.NVIC_EncodePriority)
    [Anonymous Symbol]                       0x08002d20   Section        0  stm32f7xx_it.o(.text.PendSV_Handler)
    [Anonymous Symbol]                       0x08002d28   Section        0  stm32f7xx_it.o(.text.SVC_Handler)
    [Anonymous Symbol]                       0x08002d30   Section        0  gpio.o(.text.Sonic_Trig)
    [Anonymous Symbol]                       0x08002d68   Section        0  motor.o(.text.Stop)
    SysTick_Config                           0x08002d89   Thumb Code    46  stm32f7xx_hal_cortex.o(.text.SysTick_Config)
    [Anonymous Symbol]                       0x08002d88   Section        0  stm32f7xx_hal_cortex.o(.text.SysTick_Config)
    [Anonymous Symbol]                       0x08002db8   Section        0  stm32f7xx_it.o(.text.SysTick_Handler)
    [Anonymous Symbol]                       0x08002dc0   Section        0  main.o(.text.SystemClock_Config)
    [Anonymous Symbol]                       0x08002e70   Section        0  system_stm32f7xx.o(.text.SystemInit)
    [Anonymous Symbol]                       0x08002e88   Section        0  gpio.o(.text.TCS_Next)
    [Anonymous Symbol]                       0x08002eb0   Section        0  stm32f7xx_it.o(.text.TIM1_UP_TIM10_IRQHandler)
    [Anonymous Symbol]                       0x08002ec0   Section        0  tim.o(.text.TIM5_IRQHandler)
    [Anonymous Symbol]                       0x08002ed0   Section        0  stm32f7xx_hal_tim.o(.text.TIM_Base_SetConfig)
    [Anonymous Symbol]                       0x08002ff8   Section        0  stm32f7xx_hal_tim.o(.text.TIM_CCxChannelCmd)
    [Anonymous Symbol]                       0x08003018   Section        0  stm32f7xx_hal_tim.o(.text.TIM_ETR_SetConfig)
    TIM_ITRx_SetConfig                       0x08003031   Thumb Code    16  stm32f7xx_hal_tim.o(.text.TIM_ITRx_SetConfig)
    [Anonymous Symbol]                       0x08003030   Section        0  stm32f7xx_hal_tim.o(.text.TIM_ITRx_SetConfig)
    TIM_SlaveTimer_SetConfig                 0x08003041   Thumb Code   140  stm32f7xx_hal_tim.o(.text.TIM_SlaveTimer_SetConfig)
    [Anonymous Symbol]                       0x08003040   Section        0  stm32f7xx_hal_tim.o(.text.TIM_SlaveTimer_SetConfig)
    TIM_TI1_ConfigInputStage                 0x080030d1   Thumb Code    34  stm32f7xx_hal_tim.o(.text.TIM_TI1_ConfigInputStage)
    [Anonymous Symbol]                       0x080030d0   Section        0  stm32f7xx_hal_tim.o(.text.TIM_TI1_ConfigInputStage)
    [Anonymous Symbol]                       0x080030f8   Section        0  stm32f7xx_hal_tim.o(.text.TIM_TI1_SetConfig)
    TIM_TI2_ConfigInputStage                 0x080031a1   Thumb Code    36  stm32f7xx_hal_tim.o(.text.TIM_TI2_ConfigInputStage)
    [Anonymous Symbol]                       0x080031a0   Section        0  stm32f7xx_hal_tim.o(.text.TIM_TI2_ConfigInputStage)
    TIM_TI2_SetConfig                        0x080031c9   Thumb Code    58  stm32f7xx_hal_tim.o(.text.TIM_TI2_SetConfig)
    [Anonymous Symbol]                       0x080031c8   Section        0  stm32f7xx_hal_tim.o(.text.TIM_TI2_SetConfig)
    TIM_TI3_SetConfig                        0x08003209   Thumb Code    52  stm32f7xx_hal_tim.o(.text.TIM_TI3_SetConfig)
    [Anonymous Symbol]                       0x08003208   Section        0  stm32f7xx_hal_tim.o(.text.TIM_TI3_SetConfig)
    TIM_TI4_SetConfig                        0x08003241   Thumb Code    58  stm32f7xx_hal_tim.o(.text.TIM_TI4_SetConfig)
    [Anonymous Symbol]                       0x08003240   Section        0  stm32f7xx_hal_tim.o(.text.TIM_TI4_SetConfig)
    [Anonymous Symbol]                       0x08003280   Section        0  motor.o(.text.TurnLeft)
    [Anonymous Symbol]                       0x080032c0   Section        0  motor.o(.text.TurnLeftB)
    [Anonymous Symbol]                       0x08003300   Section        0  motor.o(.text.TurnRight)
    [Anonymous Symbol]                       0x08003340   Section        0  motor.o(.text.TurnRightB)
    [Anonymous Symbol]                       0x08003380   Section        0  usart.o(.text.UART2_Send)
    [Anonymous Symbol]                       0x080033b8   Section        0  stm32f7xx_hal_uart.o(.text.UART_AdvFeatureConfig)
    [Anonymous Symbol]                       0x08003498   Section        0  stm32f7xx_hal_uart.o(.text.UART_CheckIdleState)
    [Anonymous Symbol]                       0x08003500   Section        0  stm32f7xx_hal_uart.o(.text.UART_SetConfig)
    [Anonymous Symbol]                       0x08003748   Section        0  stm32f7xx_hal_uart.o(.text.UART_WaitOnFlagUntilTimeout)
    [Anonymous Symbol]                       0x080037f8   Section        0  stm32f7xx_it.o(.text.UsageFault_Handler)
    __NVIC_EnableIRQ                         0x08003801   Thumb Code    32  stm32f7xx_hal_cortex.o(.text.__NVIC_EnableIRQ)
    [Anonymous Symbol]                       0x08003800   Section        0  stm32f7xx_hal_cortex.o(.text.__NVIC_EnableIRQ)
    __NVIC_GetPriorityGrouping               0x08003821   Thumb Code    16  stm32f7xx_hal_cortex.o(.text.__NVIC_GetPriorityGrouping)
    [Anonymous Symbol]                       0x08003820   Section        0  stm32f7xx_hal_cortex.o(.text.__NVIC_GetPriorityGrouping)
    __NVIC_SetPriority                       0x08003831   Thumb Code    34  stm32f7xx_hal_cortex.o(.text.__NVIC_SetPriority)
    [Anonymous Symbol]                       0x08003830   Section        0  stm32f7xx_hal_cortex.o(.text.__NVIC_SetPriority)
    __NVIC_SetPriorityGrouping               0x08003859   Thumb Code    32  stm32f7xx_hal_cortex.o(.text.__NVIC_SetPriorityGrouping)
    [Anonymous Symbol]                       0x08003858   Section        0  stm32f7xx_hal_cortex.o(.text.__NVIC_SetPriorityGrouping)
    [Anonymous Symbol]                       0x08003878   Section        0  gpio.o(.text.filter)
    [Anonymous Symbol]                       0x080038f8   Section        0  usart.o(.text.fputc)
    [Anonymous Symbol]                       0x08003928   Section        0  main.o(.text.main)
    [Anonymous Symbol]                       0x08003d78   Section        0  usart.o(.text.myitoa)
    i.__0printf                              0x08003de4   Section        0  printfa.o(i.__0printf)
    i.__scatterload_copy                     0x08003e04   Section       14  handlers.o(i.__scatterload_copy)
    i.__scatterload_null                     0x08003e12   Section        2  handlers.o(i.__scatterload_null)
    i.__scatterload_zeroinit                 0x08003e14   Section       14  handlers.o(i.__scatterload_zeroinit)
    _fp_digits                               0x08003e25   Thumb Code   366  printfa.o(i._fp_digits)
    i._fp_digits                             0x08003e24   Section        0  printfa.o(i._fp_digits)
    _printf_core                             0x08003fa9   Thumb Code  1744  printfa.o(i._printf_core)
    i._printf_core                           0x08003fa8   Section        0  printfa.o(i._printf_core)
    _printf_post_padding                     0x08004685   Thumb Code    36  printfa.o(i._printf_post_padding)
    i._printf_post_padding                   0x08004684   Section        0  printfa.o(i._printf_post_padding)
    _printf_pre_padding                      0x080046a9   Thumb Code    46  printfa.o(i._printf_pre_padding)
    i._printf_pre_padding                    0x080046a8   Section        0  printfa.o(i._printf_pre_padding)
    i.puts                                   0x080046d8   Section        0  puts.o(i.puts)
    .L.str.8                                 0x08004714   Data           3  usart.o(.rodata.str1.1)
    [Anonymous Symbol]                       0x08004714   Section        0  usart.o(.rodata.str1.1)
    .data                                    0x20000000   Section        4  stdout.o(.data)
    STACK                                    0x200002a0   Section     1024  startup_stm32f767xx.o(STACK)

    Global Symbols

    Symbol Name                              Value     Ov Type        Size  Object(Section)

    BuildAttributes$$THM_ISAv4$E$P$D$K$B$S$7EM$VFPv5_D16$PE$PLD8$A:L22UL41UL21$X:L11$S22US41US21$IEEE1$IW$~IW$USESV6$~STKCKD$USESV7$~SHL$OTIME$ROPI$EBA8$MICROLIB$REQ8$PRES8$EABIv2 0x00000000   Number         0  anon$$obj.o ABSOLUTE
    _printf_a                                0x00000000   Number         0  printfstubs.o ABSOLUTE
    _printf_c                                0x00000000   Number         0  printfstubs.o ABSOLUTE
    _printf_charcount                        0x00000000   Number         0  printfstubs.o ABSOLUTE
    _printf_d                                0x00000000   Number         0  printfstubs.o ABSOLUTE
    _printf_e                                0x00000000   Number         0  printfstubs.o ABSOLUTE
    _printf_f                                0x00000000   Number         0  printfstubs.o ABSOLUTE
    _printf_flags                            0x00000000   Number         0  printfstubs.o ABSOLUTE
    _printf_fp_dec                           0x00000000   Number         0  printfstubs.o ABSOLUTE
    _printf_fp_hex                           0x00000000   Number         0  printfstubs.o ABSOLUTE
    _printf_g                                0x00000000   Number         0  printfstubs.o ABSOLUTE
    _printf_i                                0x00000000   Number         0  printfstubs.o ABSOLUTE
    _printf_int_dec                          0x00000000   Number         0  printfstubs.o ABSOLUTE
    _printf_l                                0x00000000   Number         0  printfstubs.o ABSOLUTE
    _printf_lc                               0x00000000   Number         0  printfstubs.o ABSOLUTE
    _printf_ll                               0x00000000   Number         0  printfstubs.o ABSOLUTE
    _printf_lld                              0x00000000   Number         0  printfstubs.o ABSOLUTE
    _printf_lli                              0x00000000   Number         0  printfstubs.o ABSOLUTE
    _printf_llo                              0x00000000   Number         0  printfstubs.o ABSOLUTE
    _printf_llu                              0x00000000   Number         0  printfstubs.o ABSOLUTE
    _printf_llx                              0x00000000   Number         0  printfstubs.o ABSOLUTE
    _printf_longlong_dec                     0x00000000   Number         0  printfstubs.o ABSOLUTE
    _printf_longlong_hex                     0x00000000   Number         0  printfstubs.o ABSOLUTE
    _printf_longlong_oct                     0x00000000   Number         0  printfstubs.o ABSOLUTE
    _printf_ls                               0x00000000   Number         0  printfstubs.o ABSOLUTE
    _printf_mbtowc                           0x00000000   Number         0  printfstubs.o ABSOLUTE
    _printf_n                                0x00000000   Number         0  printfstubs.o ABSOLUTE
    _printf_o                                0x00000000   Number         0  printfstubs.o ABSOLUTE
    _printf_p                                0x00000000   Number         0  printfstubs.o ABSOLUTE
    _printf_percent                          0x00000000   Number         0  printfstubs.o ABSOLUTE
    _printf_pre_padding                      0x00000000   Number         0  printfstubs.o ABSOLUTE
    _printf_return_value                     0x00000000   Number         0  printfstubs.o ABSOLUTE
    _printf_s                                0x00000000   Number         0  printfstubs.o ABSOLUTE
    _printf_sizespec                         0x00000000   Number         0  printfstubs.o ABSOLUTE
    _printf_str                              0x00000000   Number         0  printfstubs.o ABSOLUTE
    _printf_truncate_signed                  0x00000000   Number         0  printfstubs.o ABSOLUTE
    _printf_truncate_unsigned                0x00000000   Number         0  printfstubs.o ABSOLUTE
    _printf_u                                0x00000000   Number         0  printfstubs.o ABSOLUTE
    _printf_wc                               0x00000000   Number         0  printfstubs.o ABSOLUTE
    _printf_wctomb                           0x00000000   Number         0  printfstubs.o ABSOLUTE
    _printf_widthprec                        0x00000000   Number         0  printfstubs.o ABSOLUTE
    _printf_x                                0x00000000   Number         0  printfstubs.o ABSOLUTE
    __cpp_initialize__aeabi_                  - Undefined Weak Reference
    __cxa_finalize                            - Undefined Weak Reference
    __decompress                              - Undefined Weak Reference
    _clock_init                               - Undefined Weak Reference
    _microlib_exit                            - Undefined Weak Reference
    __Vectors_Size                           0x000001f8   Number         0  startup_stm32f767xx.o ABSOLUTE
    __Vectors                                0x08000000   Data           4  startup_stm32f767xx.o(RESET)
    __Vectors_End                            0x080001f8   Data           0  startup_stm32f767xx.o(RESET)
    __main                                   0x080001f9   Thumb Code     0  entry.o(.ARM.Collect$$$$00000000)
    _main_stk                                0x080001f9   Thumb Code     0  entry2.o(.ARM.Collect$$$$00000001)
    _main_scatterload                        0x080001fd   Thumb Code     0  entry5.o(.ARM.Collect$$$$00000004)
    __main_after_scatterload                 0x08000201   Thumb Code     0  entry5.o(.ARM.Collect$$$$00000004)
    _main_clock                              0x08000201   Thumb Code     0  entry7b.o(.ARM.Collect$$$$00000008)
    _main_cpp_init                           0x08000201   Thumb Code     0  entry8b.o(.ARM.Collect$$$$0000000A)
    _main_init                               0x08000201   Thumb Code     0  entry9a.o(.ARM.Collect$$$$0000000B)
    __rt_final_cpp                           0x08000209   Thumb Code     0  entry10a.o(.ARM.Collect$$$$0000000D)
    __rt_final_exit                          0x08000209   Thumb Code     0  entry11a.o(.ARM.Collect$$$$0000000F)
    Reset_Handler                            0x0800020d   Thumb Code     8  startup_stm32f767xx.o(.text)
    ADC_IRQHandler                           0x08000227   Thumb Code     0  startup_stm32f767xx.o(.text)
    CAN1_RX0_IRQHandler                      0x08000227   Thumb Code     0  startup_stm32f767xx.o(.text)
    CAN1_RX1_IRQHandler                      0x08000227   Thumb Code     0  startup_stm32f767xx.o(.text)
    CAN1_SCE_IRQHandler                      0x08000227   Thumb Code     0  startup_stm32f767xx.o(.text)
    CAN1_TX_IRQHandler                       0x08000227   Thumb Code     0  startup_stm32f767xx.o(.text)
    CAN2_RX0_IRQHandler                      0x08000227   Thumb Code     0  startup_stm32f767xx.o(.text)
    CAN2_RX1_IRQHandler                      0x08000227   Thumb Code     0  startup_stm32f767xx.o(.text)
    CAN2_SCE_IRQHandler                      0x08000227   Thumb Code     0  startup_stm32f767xx.o(.text)
    CAN2_TX_IRQHandler                       0x08000227   Thumb Code     0  startup_stm32f767xx.o(.text)
    CAN3_RX0_IRQHandler                      0x08000227   Thumb Code     0  startup_stm32f767xx.o(.text)
    CAN3_RX1_IRQHandler                      0x08000227   Thumb Code     0  startup_stm32f767xx.o(.text)
    CAN3_SCE_IRQHandler                      0x08000227   Thumb Code     0  startup_stm32f767xx.o(.text)
    CAN3_TX_IRQHandler                       0x08000227   Thumb Code     0  startup_stm32f767xx.o(.text)
    CEC_IRQHandler                           0x08000227   Thumb Code     0  startup_stm32f767xx.o(.text)
    DCMI_IRQHandler                          0x08000227   Thumb Code     0  startup_stm32f767xx.o(.text)
    DFSDM1_FLT0_IRQHandler                   0x08000227   Thumb Code     0  startup_stm32f767xx.o(.text)
    DFSDM1_FLT1_IRQHandler                   0x08000227   Thumb Code     0  startup_stm32f767xx.o(.text)
    DFSDM1_FLT2_IRQHandler                   0x08000227   Thumb Code     0  startup_stm32f767xx.o(.text)
    DFSDM1_FLT3_IRQHandler                   0x08000227   Thumb Code     0  startup_stm32f767xx.o(.text)
    DMA1_Stream0_IRQHandler                  0x08000227   Thumb Code     0  startup_stm32f767xx.o(.text)
    DMA1_Stream1_IRQHandler                  0x08000227   Thumb Code     0  startup_stm32f767xx.o(.text)
    DMA1_Stream2_IRQHandler                  0x08000227   Thumb Code     0  startup_stm32f767xx.o(.text)
    DMA1_Stream3_IRQHandler                  0x08000227   Thumb Code     0  startup_stm32f767xx.o(.text)
    DMA1_Stream4_IRQHandler                  0x08000227   Thumb Code     0  startup_stm32f767xx.o(.text)
    DMA1_Stream5_IRQHandler                  0x08000227   Thumb Code     0  startup_stm32f767xx.o(.text)
    DMA1_Stream6_IRQHandler                  0x08000227   Thumb Code     0  startup_stm32f767xx.o(.text)
    DMA1_Stream7_IRQHandler                  0x08000227   Thumb Code     0  startup_stm32f767xx.o(.text)
    DMA2D_IRQHandler                         0x08000227   Thumb Code     0  startup_stm32f767xx.o(.text)
    DMA2_Stream0_IRQHandler                  0x08000227   Thumb Code     0  startup_stm32f767xx.o(.text)
    DMA2_Stream1_IRQHandler                  0x08000227   Thumb Code     0  startup_stm32f767xx.o(.text)
    DMA2_Stream2_IRQHandler                  0x08000227   Thumb Code     0  startup_stm32f767xx.o(.text)
    DMA2_Stream3_IRQHandler                  0x08000227   Thumb Code     0  startup_stm32f767xx.o(.text)
    DMA2_Stream4_IRQHandler                  0x08000227   Thumb Code     0  startup_stm32f767xx.o(.text)
    DMA2_Stream5_IRQHandler                  0x08000227   Thumb Code     0  startup_stm32f767xx.o(.text)
    DMA2_Stream6_IRQHandler                  0x08000227   Thumb Code     0  startup_stm32f767xx.o(.text)
    DMA2_Stream7_IRQHandler                  0x08000227   Thumb Code     0  startup_stm32f767xx.o(.text)
    ETH_IRQHandler                           0x08000227   Thumb Code     0  startup_stm32f767xx.o(.text)
    ETH_WKUP_IRQHandler                      0x08000227   Thumb Code     0  startup_stm32f767xx.o(.text)
    EXTI0_IRQHandler                         0x08000227   Thumb Code     0  startup_stm32f767xx.o(.text)
    EXTI15_10_IRQHandler                     0x08000227   Thumb Code     0  startup_stm32f767xx.o(.text)
    EXTI1_IRQHandler                         0x08000227   Thumb Code     0  startup_stm32f767xx.o(.text)
    EXTI2_IRQHandler                         0x08000227   Thumb Code     0  startup_stm32f767xx.o(.text)
    EXTI3_IRQHandler                         0x08000227   Thumb Code     0  startup_stm32f767xx.o(.text)
    EXTI4_IRQHandler                         0x08000227   Thumb Code     0  startup_stm32f767xx.o(.text)
    EXTI9_5_IRQHandler                       0x08000227   Thumb Code     0  startup_stm32f767xx.o(.text)
    FLASH_IRQHandler                         0x08000227   Thumb Code     0  startup_stm32f767xx.o(.text)
    FMC_IRQHandler                           0x08000227   Thumb Code     0  startup_stm32f767xx.o(.text)
    FPU_IRQHandler                           0x08000227   Thumb Code     0  startup_stm32f767xx.o(.text)
    I2C1_ER_IRQHandler                       0x08000227   Thumb Code     0  startup_stm32f767xx.o(.text)
    I2C1_EV_IRQHandler                       0x08000227   Thumb Code     0  startup_stm32f767xx.o(.text)
    I2C2_ER_IRQHandler                       0x08000227   Thumb Code     0  startup_stm32f767xx.o(.text)
    I2C2_EV_IRQHandler                       0x08000227   Thumb Code     0  startup_stm32f767xx.o(.text)
    I2C3_ER_IRQHandler                       0x08000227   Thumb Code     0  startup_stm32f767xx.o(.text)
    I2C3_EV_IRQHandler                       0x08000227   Thumb Code     0  startup_stm32f767xx.o(.text)
    I2C4_ER_IRQHandler                       0x08000227   Thumb Code     0  startup_stm32f767xx.o(.text)
    I2C4_EV_IRQHandler                       0x08000227   Thumb Code     0  startup_stm32f767xx.o(.text)
    JPEG_IRQHandler                          0x08000227   Thumb Code     0  startup_stm32f767xx.o(.text)
    LPTIM1_IRQHandler                        0x08000227   Thumb Code     0  startup_stm32f767xx.o(.text)
    LTDC_ER_IRQHandler                       0x08000227   Thumb Code     0  startup_stm32f767xx.o(.text)
    LTDC_IRQHandler                          0x08000227   Thumb Code     0  startup_stm32f767xx.o(.text)
    MDIOS_IRQHandler                         0x08000227   Thumb Code     0  startup_stm32f767xx.o(.text)
    OTG_FS_IRQHandler                        0x08000227   Thumb Code     0  startup_stm32f767xx.o(.text)
    OTG_FS_WKUP_IRQHandler                   0x08000227   Thumb Code     0  startup_stm32f767xx.o(.text)
    OTG_HS_EP1_IN_IRQHandler                 0x08000227   Thumb Code     0  startup_stm32f767xx.o(.text)
    OTG_HS_EP1_OUT_IRQHandler                0x08000227   Thumb Code     0  startup_stm32f767xx.o(.text)
    OTG_HS_IRQHandler                        0x08000227   Thumb Code     0  startup_stm32f767xx.o(.text)
    OTG_HS_WKUP_IRQHandler                   0x08000227   Thumb Code     0  startup_stm32f767xx.o(.text)
    PVD_IRQHandler                           0x08000227   Thumb Code     0  startup_stm32f767xx.o(.text)
    QUADSPI_IRQHandler                       0x08000227   Thumb Code     0  startup_stm32f767xx.o(.text)
    RCC_IRQHandler                           0x08000227   Thumb Code     0  startup_stm32f767xx.o(.text)
    RNG_IRQHandler                           0x08000227   Thumb Code     0  startup_stm32f767xx.o(.text)
    RTC_Alarm_IRQHandler                     0x08000227   Thumb Code     0  startup_stm32f767xx.o(.text)
    RTC_WKUP_IRQHandler                      0x08000227   Thumb Code     0  startup_stm32f767xx.o(.text)
    SAI1_IRQHandler                          0x08000227   Thumb Code     0  startup_stm32f767xx.o(.text)
    SAI2_IRQHandler                          0x08000227   Thumb Code     0  startup_stm32f767xx.o(.text)
    SDMMC1_IRQHandler                        0x08000227   Thumb Code     0  startup_stm32f767xx.o(.text)
    SDMMC2_IRQHandler                        0x08000227   Thumb Code     0  startup_stm32f767xx.o(.text)
    SPDIF_RX_IRQHandler                      0x08000227   Thumb Code     0  startup_stm32f767xx.o(.text)
    SPI1_IRQHandler                          0x08000227   Thumb Code     0  startup_stm32f767xx.o(.text)
    SPI2_IRQHandler                          0x08000227   Thumb Code     0  startup_stm32f767xx.o(.text)
    SPI3_IRQHandler                          0x08000227   Thumb Code     0  startup_stm32f767xx.o(.text)
    SPI4_IRQHandler                          0x08000227   Thumb Code     0  startup_stm32f767xx.o(.text)
    SPI5_IRQHandler                          0x08000227   Thumb Code     0  startup_stm32f767xx.o(.text)
    SPI6_IRQHandler                          0x08000227   Thumb Code     0  startup_stm32f767xx.o(.text)
    TAMP_STAMP_IRQHandler                    0x08000227   Thumb Code     0  startup_stm32f767xx.o(.text)
    TIM1_BRK_TIM9_IRQHandler                 0x08000227   Thumb Code     0  startup_stm32f767xx.o(.text)
    TIM1_CC_IRQHandler                       0x08000227   Thumb Code     0  startup_stm32f767xx.o(.text)
    TIM1_TRG_COM_TIM11_IRQHandler            0x08000227   Thumb Code     0  startup_stm32f767xx.o(.text)
    TIM2_IRQHandler                          0x08000227   Thumb Code     0  startup_stm32f767xx.o(.text)
    TIM3_IRQHandler                          0x08000227   Thumb Code     0  startup_stm32f767xx.o(.text)
    TIM4_IRQHandler                          0x08000227   Thumb Code     0  startup_stm32f767xx.o(.text)
    TIM6_DAC_IRQHandler                      0x08000227   Thumb Code     0  startup_stm32f767xx.o(.text)
    TIM7_IRQHandler                          0x08000227   Thumb Code     0  startup_stm32f767xx.o(.text)
    TIM8_BRK_TIM12_IRQHandler                0x08000227   Thumb Code     0  startup_stm32f767xx.o(.text)
    TIM8_CC_IRQHandler                       0x08000227   Thumb Code     0  startup_stm32f767xx.o(.text)
    TIM8_TRG_COM_TIM14_IRQHandler            0x08000227   Thumb Code     0  startup_stm32f767xx.o(.text)
    TIM8_UP_TIM13_IRQHandler                 0x08000227   Thumb Code     0  startup_stm32f767xx.o(.text)
    UART4_IRQHandler                         0x08000227   Thumb Code     0  startup_stm32f767xx.o(.text)
    UART5_IRQHandler                         0x08000227   Thumb Code     0  startup_stm32f767xx.o(.text)
    UART7_IRQHandler                         0x08000227   Thumb Code     0  startup_stm32f767xx.o(.text)
    UART8_IRQHandler                         0x08000227   Thumb Code     0  startup_stm32f767xx.o(.text)
    USART1_IRQHandler                        0x08000227   Thumb Code     0  startup_stm32f767xx.o(.text)
    USART2_IRQHandler                        0x08000227   Thumb Code     0  startup_stm32f767xx.o(.text)
    USART3_IRQHandler                        0x08000227   Thumb Code     0  startup_stm32f767xx.o(.text)
    USART6_IRQHandler                        0x08000227   Thumb Code     0  startup_stm32f767xx.o(.text)
    WWDG_IRQHandler                          0x08000227   Thumb Code     0  startup_stm32f767xx.o(.text)
    __aeabi_uldivmod                         0x08000231   Thumb Code    98  uldiv.o(.text)
    __aeabi_memset                           0x08000293   Thumb Code    14  memseta.o(.text)
    __aeabi_memset4                          0x08000293   Thumb Code     0  memseta.o(.text)
    __aeabi_memset8                          0x08000293   Thumb Code     0  memseta.o(.text)
    __aeabi_memclr                           0x080002a1   Thumb Code     4  memseta.o(.text)
    __aeabi_memclr4                          0x080002a1   Thumb Code     0  memseta.o(.text)
    __aeabi_memclr8                          0x080002a1   Thumb Code     0  memseta.o(.text)
    _memset$wrapper                          0x080002a5   Thumb Code    18  memseta.o(.text)
    strcat                                   0x080002b7   Thumb Code    24  strcat.o(.text)
    strlen                                   0x080002cf   Thumb Code    14  strlen.o(.text)
    __aeabi_uidiv                            0x080002dd   Thumb Code     0  uidiv.o(.text)
    __aeabi_uidivmod                         0x080002dd   Thumb Code    44  uidiv.o(.text)
    __aeabi_llsl                             0x08000309   Thumb Code    30  llshl.o(.text)
    _ll_shift_l                              0x08000309   Thumb Code     0  llshl.o(.text)
    __aeabi_llsr                             0x08000327   Thumb Code    32  llushr.o(.text)
    _ll_ushift_r                             0x08000327   Thumb Code     0  llushr.o(.text)
    __I$use$fp                               0x08000347   Thumb Code     0  iusefp.o(.text)
    __aeabi_dadd                             0x08000347   Thumb Code   322  dadd.o(.text)
    __aeabi_dsub                             0x08000489   Thumb Code     6  dadd.o(.text)
    __aeabi_drsub                            0x0800048f   Thumb Code     6  dadd.o(.text)
    __aeabi_dmul                             0x08000495   Thumb Code   228  dmul.o(.text)
    __aeabi_ddiv                             0x08000579   Thumb Code   222  ddiv.o(.text)
    __aeabi_d2ulz                            0x08000657   Thumb Code    48  dfixul.o(.text)
    __aeabi_cdrcmple                         0x08000689   Thumb Code    48  cdrcmple.o(.text)
    __scatterload                            0x080006b9   Thumb Code    28  init.o(.text)
    __scatterload_rt2                        0x080006b9   Thumb Code     0  init.o(.text)
    __aeabi_lasr                             0x080006dd   Thumb Code    36  llsshr.o(.text)
    _ll_sshift_r                             0x080006dd   Thumb Code     0  llsshr.o(.text)
    _double_round                            0x08000701   Thumb Code    30  depilogue.o(.text)
    _double_epilogue                         0x0800071f   Thumb Code   156  depilogue.o(.text)
    BusFault_Handler                         0x080007c1   Thumb Code     2  stm32f7xx_it.o(.text.BusFault_Handler)
    CarGo                                    0x080007c9   Thumb Code    44  motor.o(.text.CarGo)
    CarGoStr                                 0x080007f9   Thumb Code    60  motor.o(.text.CarGoStr)
    DebugMon_Handler                         0x08000839   Thumb Code     2  stm32f7xx_it.o(.text.DebugMon_Handler)
    Delay_us                                 0x08000841   Thumb Code    44  tim.o(.text.Delay_us)
    Error_Handler                            0x08000871   Thumb Code     2  main.o(.text.Error_Handler)
    GoBack                                   0x08000879   Thumb Code    60  motor.o(.text.GoBack)
    HAL_Delay                                0x080008b9   Thumb Code    40  stm32f7xx_hal.o(.text.HAL_Delay)
    HAL_GPIO_Init                            0x080008e1   Thumb Code   406  stm32f7xx_hal_gpio.o(.text.HAL_GPIO_Init)
    HAL_GPIO_ReadPin                         0x08000a79   Thumb Code    10  stm32f7xx_hal_gpio.o(.text.HAL_GPIO_ReadPin)
    HAL_GPIO_TogglePin                       0x08000a89   Thumb Code    16  stm32f7xx_hal_gpio.o(.text.HAL_GPIO_TogglePin)
    HAL_GPIO_WritePin                        0x08000a99   Thumb Code    10  stm32f7xx_hal_gpio.o(.text.HAL_GPIO_WritePin)
    HAL_GetTick                              0x08000aa9   Thumb Code    12  stm32f7xx_hal.o(.text.HAL_GetTick)
    HAL_IncTick                              0x08000ab9   Thumb Code    26  stm32f7xx_hal.o(.text.HAL_IncTick)
    HAL_Init                                 0x08000ad9   Thumb Code    22  stm32f7xx_hal.o(.text.HAL_Init)
    HAL_InitTick                             0x08000af1   Thumb Code    80  stm32f7xx_hal.o(.text.HAL_InitTick)
    HAL_MspInit                              0x08000b41   Thumb Code    50  stm32f7xx_hal_msp.o(.text.HAL_MspInit)
    HAL_NVIC_EnableIRQ                       0x08000b79   Thumb Code     8  stm32f7xx_hal_cortex.o(.text.HAL_NVIC_EnableIRQ)
    HAL_NVIC_SetPriority                     0x08000b81   Thumb Code    30  stm32f7xx_hal_cortex.o(.text.HAL_NVIC_SetPriority)
    HAL_NVIC_SetPriorityGrouping             0x08000ba1   Thumb Code     8  stm32f7xx_hal_cortex.o(.text.HAL_NVIC_SetPriorityGrouping)
    HAL_PWREx_EnableOverDrive                0x08000ba9   Thumb Code   118  stm32f7xx_hal_pwr_ex.o(.text.HAL_PWREx_EnableOverDrive)
    HAL_RCCEx_PeriphCLKConfig                0x08000c21   Thumb Code  1470  stm32f7xx_hal_rcc_ex.o(.text.HAL_RCCEx_PeriphCLKConfig)
    HAL_RCC_ClockConfig                      0x080011e1   Thumb Code   338  stm32f7xx_hal_rcc.o(.text.HAL_RCC_ClockConfig)
    HAL_RCC_GetHCLKFreq                      0x08001339   Thumb Code    12  stm32f7xx_hal_rcc.o(.text.HAL_RCC_GetHCLKFreq)
    HAL_RCC_GetPCLK1Freq                     0x08001349   Thumb Code    34  stm32f7xx_hal_rcc.o(.text.HAL_RCC_GetPCLK1Freq)
    HAL_RCC_GetPCLK2Freq                     0x08001371   Thumb Code    34  stm32f7xx_hal_rcc.o(.text.HAL_RCC_GetPCLK2Freq)
    HAL_RCC_GetSysClockFreq                  0x08001399   Thumb Code   106  stm32f7xx_hal_rcc.o(.text.HAL_RCC_GetSysClockFreq)
    HAL_RCC_OscConfig                        0x08001409   Thumb Code   848  stm32f7xx_hal_rcc.o(.text.HAL_RCC_OscConfig)
    HAL_SYSTICK_Config                       0x08001759   Thumb Code     8  stm32f7xx_hal_cortex.o(.text.HAL_SYSTICK_Config)
    HAL_TIMEx_Break2Callback                 0x08001761   Thumb Code     2  stm32f7xx_hal_tim_ex.o(.text.HAL_TIMEx_Break2Callback)
    HAL_TIMEx_BreakCallback                  0x08001769   Thumb Code     2  stm32f7xx_hal_tim_ex.o(.text.HAL_TIMEx_BreakCallback)
    HAL_TIMEx_CommutCallback                 0x08001771   Thumb Code     2  stm32f7xx_hal_tim_ex.o(.text.HAL_TIMEx_CommutCallback)
    HAL_TIMEx_MasterConfigSynchronization    0x08001779   Thumb Code   204  stm32f7xx_hal_tim_ex.o(.text.HAL_TIMEx_MasterConfigSynchronization)
    HAL_TIM_Base_Init                        0x08001849   Thumb Code    96  stm32f7xx_hal_tim.o(.text.HAL_TIM_Base_Init)
    HAL_TIM_Base_MspInit                     0x080018a9   Thumb Code   346  tim.o(.text.HAL_TIM_Base_MspInit)
    HAL_TIM_Base_Start                       0x08001a09   Thumb Code   170  stm32f7xx_hal_tim.o(.text.HAL_TIM_Base_Start)
    HAL_TIM_Base_Start_IT                    0x08001ab9   Thumb Code   178  stm32f7xx_hal_tim.o(.text.HAL_TIM_Base_Start_IT)
    HAL_TIM_Base_Stop                        0x08001b71   Thumb Code    42  stm32f7xx_hal_tim.o(.text.HAL_TIM_Base_Stop)
    HAL_TIM_ConfigClockSource                0x08001ba1   Thumb Code   210  stm32f7xx_hal_tim.o(.text.HAL_TIM_ConfigClockSource)
    HAL_TIM_IC_CaptureCallback               0x08001c79   Thumb Code   358  tim.o(.text.HAL_TIM_IC_CaptureCallback)
    HAL_TIM_IC_ConfigChannel                 0x08001de1   Thumb Code   146  stm32f7xx_hal_tim.o(.text.HAL_TIM_IC_ConfigChannel)
    HAL_TIM_IC_Init                          0x08001e79   Thumb Code    96  stm32f7xx_hal_tim.o(.text.HAL_TIM_IC_Init)
    HAL_TIM_IC_MspInit                       0x08001ed9   Thumb Code     2  stm32f7xx_hal_tim.o(.text.HAL_TIM_IC_MspInit)
    HAL_TIM_IC_Start_IT                      0x08001ee1   Thumb Code   392  stm32f7xx_hal_tim.o(.text.HAL_TIM_IC_Start_IT)
    HAL_TIM_IRQHandler                       0x08002079   Thumb Code   392  stm32f7xx_hal_tim.o(.text.HAL_TIM_IRQHandler)
    HAL_TIM_OC_DelayElapsedCallback          0x08002201   Thumb Code     2  stm32f7xx_hal_tim.o(.text.HAL_TIM_OC_DelayElapsedCallback)
    HAL_TIM_PWM_PulseFinishedCallback        0x08002209   Thumb Code     2  stm32f7xx_hal_tim.o(.text.HAL_TIM_PWM_PulseFinishedCallback)
    HAL_TIM_PeriodElapsedCallback            0x08002211   Thumb Code   264  tim.o(.text.HAL_TIM_PeriodElapsedCallback)
    HAL_TIM_ReadCapturedValue                0x08002319   Thumb Code    52  stm32f7xx_hal_tim.o(.text.HAL_TIM_ReadCapturedValue)
    HAL_TIM_SlaveConfigSynchro               0x08002351   Thumb Code    74  stm32f7xx_hal_tim.o(.text.HAL_TIM_SlaveConfigSynchro)
    HAL_TIM_TriggerCallback                  0x080023a1   Thumb Code     2  stm32f7xx_hal_tim.o(.text.HAL_TIM_TriggerCallback)
    HAL_UART_Init                            0x080023a9   Thumb Code    94  stm32f7xx_hal_uart.o(.text.HAL_UART_Init)
    HAL_UART_MspInit                         0x08002409   Thumb Code   172  usart.o(.text.HAL_UART_MspInit)
    HAL_UART_Transmit                        0x080024b9   Thumb Code   212  stm32f7xx_hal_uart.o(.text.HAL_UART_Transmit)
    HardFault_Handler                        0x08002591   Thumb Code     2  stm32f7xx_it.o(.text.HardFault_Handler)
    MX_GPIO_Init                             0x08002599   Thumb Code   338  gpio.o(.text.MX_GPIO_Init)
    MX_TIM1_Init                             0x080026f1   Thumb Code   124  tim.o(.text.MX_TIM1_Init)
    MX_TIM2_Init                             0x08002771   Thumb Code   122  tim.o(.text.MX_TIM2_Init)
    MX_TIM5_Init                             0x080027f1   Thumb Code   200  tim.o(.text.MX_TIM5_Init)
    MX_TIM6_Init                             0x080028b9   Thumb Code    84  tim.o(.text.MX_TIM6_Init)
    MX_USART1_UART_Init                      0x08002911   Thumb Code    62  usart.o(.text.MX_USART1_UART_Init)
    MX_USART2_UART_Init                      0x08002951   Thumb Code    62  usart.o(.text.MX_USART2_UART_Init)
    MemManage_Handler                        0x08002991   Thumb Code     2  stm32f7xx_it.o(.text.MemManage_Handler)
    Motor_GO                                 0x08002999   Thumb Code   262  usart.o(.text.Motor_GO)
    Motor_Rotate                             0x08002aa1   Thumb Code   314  usart.o(.text.Motor_Rotate)
    Motor_Stop                               0x08002be1   Thumb Code   262  usart.o(.text.Motor_Stop)
    NMI_Handler                              0x08002ce9   Thumb Code     2  stm32f7xx_it.o(.text.NMI_Handler)
    PendSV_Handler                           0x08002d21   Thumb Code     2  stm32f7xx_it.o(.text.PendSV_Handler)
    SVC_Handler                              0x08002d29   Thumb Code     2  stm32f7xx_it.o(.text.SVC_Handler)
    Sonic_Trig                               0x08002d31   Thumb Code    50  gpio.o(.text.Sonic_Trig)
    Stop                                     0x08002d69   Thumb Code    28  motor.o(.text.Stop)
    SysTick_Handler                          0x08002db9   Thumb Code     8  stm32f7xx_it.o(.text.SysTick_Handler)
    SystemClock_Config                       0x08002dc1   Thumb Code   174  main.o(.text.SystemClock_Config)
    SystemInit                               0x08002e71   Thumb Code    18  system_stm32f7xx.o(.text.SystemInit)
    TCS_Next                                 0x08002e89   Thumb Code    36  gpio.o(.text.TCS_Next)
    TIM1_UP_TIM10_IRQHandler                 0x08002eb1   Thumb Code    16  stm32f7xx_it.o(.text.TIM1_UP_TIM10_IRQHandler)
    TIM5_IRQHandler                          0x08002ec1   Thumb Code    16  tim.o(.text.TIM5_IRQHandler)
    TIM_Base_SetConfig                       0x08002ed1   Thumb Code   296  stm32f7xx_hal_tim.o(.text.TIM_Base_SetConfig)
    TIM_CCxChannelCmd                        0x08002ff9   Thumb Code    30  stm32f7xx_hal_tim.o(.text.TIM_CCxChannelCmd)
    TIM_ETR_SetConfig                        0x08003019   Thumb Code    20  stm32f7xx_hal_tim.o(.text.TIM_ETR_SetConfig)
    TIM_TI1_SetConfig                        0x080030f9   Thumb Code   168  stm32f7xx_hal_tim.o(.text.TIM_TI1_SetConfig)
    TurnLeft                                 0x08003281   Thumb Code    60  motor.o(.text.TurnLeft)
    TurnLeftB                                0x080032c1   Thumb Code    60  motor.o(.text.TurnLeftB)
    TurnRight                                0x08003301   Thumb Code    60  motor.o(.text.TurnRight)
    TurnRightB                               0x08003341   Thumb Code    60  motor.o(.text.TurnRightB)
    UART2_Send                               0x08003381   Thumb Code    52  usart.o(.text.UART2_Send)
    UART_AdvFeatureConfig                    0x080033b9   Thumb Code   224  stm32f7xx_hal_uart.o(.text.UART_AdvFeatureConfig)
    UART_CheckIdleState                      0x08003499   Thumb Code   102  stm32f7xx_hal_uart.o(.text.UART_CheckIdleState)
    UART_SetConfig                           0x08003501   Thumb Code   552  stm32f7xx_hal_uart.o(.text.UART_SetConfig)
    UART_WaitOnFlagUntilTimeout              0x08003749   Thumb Code   176  stm32f7xx_hal_uart.o(.text.UART_WaitOnFlagUntilTimeout)
    UsageFault_Handler                       0x080037f9   Thumb Code     2  stm32f7xx_it.o(.text.UsageFault_Handler)
    filter                                   0x08003879   Thumb Code   126  gpio.o(.text.filter)
    fputc                                    0x080038f9   Thumb Code    48  usart.o(.text.fputc)
    main                                     0x08003929   Thumb Code   992  main.o(.text.main)
    myitoa                                   0x08003d79   Thumb Code   106  usart.o(.text.myitoa)
    __0printf                                0x08003de5   Thumb Code    22  printfa.o(i.__0printf)
    __1printf                                0x08003de5   Thumb Code     0  printfa.o(i.__0printf)
    __2printf                                0x08003de5   Thumb Code     0  printfa.o(i.__0printf)
    __c89printf                              0x08003de5   Thumb Code     0  printfa.o(i.__0printf)
    printf                                   0x08003de5   Thumb Code     0  printfa.o(i.__0printf)
    __scatterload_copy                       0x08003e05   Thumb Code    14  handlers.o(i.__scatterload_copy)
    __scatterload_null                       0x08003e13   Thumb Code     2  handlers.o(i.__scatterload_null)
    __scatterload_zeroinit                   0x08003e15   Thumb Code    14  handlers.o(i.__scatterload_zeroinit)
    puts                                     0x080046d9   Thumb Code    30  puts.o(i.puts)
    AHBPrescTable                            0x080046fc   Data          16  system_stm32f7xx.o(.rodata.AHBPrescTable)
    APBPrescTable                            0x0800470c   Data           8  system_stm32f7xx.o(.rodata.APBPrescTable)
    Region$$Table$$Base                      0x08004718   Number         0  anon$$obj.o(Region$$Table)
    Region$$Table$$Limit                     0x08004738   Number         0  anon$$obj.o(Region$$Table)
    __stdout                                 0x20000000   Data           4  stdout.o(.data)
    SystemCoreClock                          0x20000004   Data           4  system_stm32f7xx.o(.data.SystemCoreClock)
    uwTickFreq                               0x20000008   Data           1  stm32f7xx_hal.o(.data.uwTickFreq)
    uwTickPrio                               0x2000000c   Data           4  stm32f7xx_hal.o(.data.uwTickPrio)
    KEY1                                     0x20000010   Data           4  main.o(.bss.KEY1)
    KEY2                                     0x20000014   Data           4  main.o(.bss.KEY2)
    KEY3                                     0x20000018   Data           4  main.o(.bss.KEY3)
    KEY4                                     0x2000001c   Data           4  main.o(.bss.KEY4)
    KEY5                                     0x20000020   Data           4  main.o(.bss.KEY5)
    RGB_Scale                                0x20000024   Data          12  main.o(.bss.RGB_Scale)
    TIM5CH1_CAPTURE_Date1                    0x20000030   Data           4  tim.o(.bss.TIM5CH1_CAPTURE_Date1)
    TIM5CH1_CAPTURE_Date2                    0x20000034   Data           4  tim.o(.bss.TIM5CH1_CAPTURE_Date2)
    TIM5CH1_CAPTURE_STA                      0x20000038   Data           1  tim.o(.bss.TIM5CH1_CAPTURE_STA)
    TIM5CH2_CAPTURE_Date1                    0x2000003c   Data           4  tim.o(.bss.TIM5CH2_CAPTURE_Date1)
    TIM5CH2_CAPTURE_Date2                    0x20000040   Data           4  tim.o(.bss.TIM5CH2_CAPTURE_Date2)
    TIM5CH2_CAPTURE_STA                      0x20000044   Data           1  tim.o(.bss.TIM5CH2_CAPTURE_STA)
    Ultrasonic_us1                           0x20000046   Data           2  tim.o(.bss.Ultrasonic_us1)
    Ultrasonic_us2                           0x20000048   Data           2  tim.o(.bss.Ultrasonic_us2)
    black_cnt                                0x2000004c   Data           4  main.o(.bss.black_cnt)
    cnt                                      0x20000050   Data          12  tim.o(.bss.cnt)
    count                                    0x2000005c   Data           4  gpio.o(.bss.count)
    flag                                     0x20000060   Data           4  gpio.o(.bss.flag)
    htim1                                    0x20000064   Data          76  tim.o(.bss.htim1)
    htim2                                    0x200000b0   Data          76  tim.o(.bss.htim2)
    htim5                                    0x200000fc   Data          76  tim.o(.bss.htim5)
    htim6                                    0x20000148   Data          76  tim.o(.bss.htim6)
    huart1                                   0x20000194   Data         132  usart.o(.bss.huart1)
    huart2                                   0x20000218   Data         132  usart.o(.bss.huart2)
    uwTick                                   0x2000029c   Data           4  stm32f7xx_hal.o(.bss.uwTick)
    __initial_sp                             0x200006a0   Data           0  startup_stm32f767xx.o(STACK)



==============================================================================

Memory Map of the image

  Image Entry point : 0x080001f9

  Load Region LR_IROM1 (Base: 0x08000000, Size: 0x00004748, Max: 0x00100000, ABSOLUTE)

    Execution Region ER_IROM1 (Exec base: 0x08000000, Load base: 0x08000000, Size: 0x00004738, Max: 0x00100000, ABSOLUTE)

    Exec Addr    Load Addr    Size         Type   Attr      Idx    E Section Name        Object

    0x08000000   0x08000000   0x000001f8   Data   RO            3    RESET               startup_stm32f767xx.o
    0x080001f8   0x080001f8   0x00000000   Code   RO         1388  * .ARM.Collect$$$$00000000  mc_w.l(entry.o)
    0x080001f8   0x080001f8   0x00000004   Code   RO         1664    .ARM.Collect$$$$00000001  mc_w.l(entry2.o)
    0x080001fc   0x080001fc   0x00000004   Code   RO         1667    .ARM.Collect$$$$00000004  mc_w.l(entry5.o)
    0x08000200   0x08000200   0x00000000   Code   RO         1669    .ARM.Collect$$$$00000008  mc_w.l(entry7b.o)
    0x08000200   0x08000200   0x00000000   Code   RO         1671    .ARM.Collect$$$$0000000A  mc_w.l(entry8b.o)
    0x08000200   0x08000200   0x00000008   Code   RO         1672    .ARM.Collect$$$$0000000B  mc_w.l(entry9a.o)
    0x08000208   0x08000208   0x00000000   Code   RO         1674    .ARM.Collect$$$$0000000D  mc_w.l(entry10a.o)
    0x08000208   0x08000208   0x00000000   Code   RO         1676    .ARM.Collect$$$$0000000F  mc_w.l(entry11a.o)
    0x08000208   0x08000208   0x00000004   Code   RO         1665    .ARM.Collect$$$$00002712  mc_w.l(entry2.o)
    0x0800020c   0x0800020c   0x00000024   Code   RO            4    .text               startup_stm32f767xx.o
    0x08000230   0x08000230   0x00000062   Code   RO         1395    .text               mc_w.l(uldiv.o)
    0x08000292   0x08000292   0x00000024   Code   RO         1397    .text               mc_w.l(memseta.o)
    0x080002b6   0x080002b6   0x00000018   Code   RO         1399    .text               mc_w.l(strcat.o)
    0x080002ce   0x080002ce   0x0000000e   Code   RO         1401    .text               mc_w.l(strlen.o)
    0x080002dc   0x080002dc   0x0000002c   Code   RO         1688    .text               mc_w.l(uidiv.o)
    0x08000308   0x08000308   0x0000001e   Code   RO         1690    .text               mc_w.l(llshl.o)
    0x08000326   0x08000326   0x00000020   Code   RO         1692    .text               mc_w.l(llushr.o)
    0x08000346   0x08000346   0x00000000   Code   RO         1694    .text               mc_w.l(iusefp.o)
    0x08000346   0x08000346   0x0000014e   Code   RO         1695    .text               mf_w.l(dadd.o)
    0x08000494   0x08000494   0x000000e4   Code   RO         1697    .text               mf_w.l(dmul.o)
    0x08000578   0x08000578   0x000000de   Code   RO         1699    .text               mf_w.l(ddiv.o)
    0x08000656   0x08000656   0x00000030   Code   RO         1701    .text               mf_w.l(dfixul.o)
    0x08000686   0x08000686   0x00000002   PAD
    0x08000688   0x08000688   0x00000030   Code   RO         1703    .text               mf_w.l(cdrcmple.o)
    0x080006b8   0x080006b8   0x00000024   Code   RO         1705    .text               mc_w.l(init.o)
    0x080006dc   0x080006dc   0x00000024   Code   RO         1707    .text               mc_w.l(llsshr.o)
    0x08000700   0x08000700   0x000000ba   Code   RO         1709    .text               mf_w.l(depilogue.o)
    0x080007ba   0x080007ba   0x00000006   PAD
    0x080007c0   0x080007c0   0x00000002   Code   RO          142    .text.BusFault_Handler  stm32f7xx_it.o
    0x080007c2   0x080007c2   0x00000006   PAD
    0x080007c8   0x080007c8   0x0000002c   Code   RO          193    .text.CarGo         motor.o
    0x080007f4   0x080007f4   0x00000004   PAD
    0x080007f8   0x080007f8   0x0000003c   Code   RO          171    .text.CarGoStr      motor.o
    0x08000834   0x08000834   0x00000004   PAD
    0x08000838   0x08000838   0x00000002   Code   RO          148    .text.DebugMon_Handler  stm32f7xx_it.o
    0x0800083a   0x0800083a   0x00000006   PAD
    0x08000840   0x08000840   0x0000002c   Code   RO           79    .text.Delay_us      tim.o
    0x0800086c   0x0800086c   0x00000004   PAD
    0x08000870   0x08000870   0x00000002   Code   RO           15    .text.Error_Handler  main.o
    0x08000872   0x08000872   0x00000006   PAD
    0x08000878   0x08000878   0x0000003c   Code   RO          187    .text.GoBack        motor.o
    0x080008b4   0x080008b4   0x00000004   PAD
    0x080008b8   0x080008b8   0x00000028   Code   RO          941    .text.HAL_Delay     stm32f7xx_hal.o
    0x080008e0   0x080008e0   0x00000196   Code   RO          767    .text.HAL_GPIO_Init  stm32f7xx_hal_gpio.o
    0x08000a76   0x08000a76   0x00000002   PAD
    0x08000a78   0x08000a78   0x0000000a   Code   RO          771    .text.HAL_GPIO_ReadPin  stm32f7xx_hal_gpio.o
    0x08000a82   0x08000a82   0x00000006   PAD
    0x08000a88   0x08000a88   0x00000010   Code   RO          775    .text.HAL_GPIO_TogglePin  stm32f7xx_hal_gpio.o
    0x08000a98   0x08000a98   0x0000000a   Code   RO          773    .text.HAL_GPIO_WritePin  stm32f7xx_hal_gpio.o
    0x08000aa2   0x08000aa2   0x00000006   PAD
    0x08000aa8   0x08000aa8   0x0000000c   Code   RO          933    .text.HAL_GetTick   stm32f7xx_hal.o
    0x08000ab4   0x08000ab4   0x00000004   PAD
    0x08000ab8   0x08000ab8   0x0000001a   Code   RO          931    .text.HAL_IncTick   stm32f7xx_hal.o
    0x08000ad2   0x08000ad2   0x00000006   PAD
    0x08000ad8   0x08000ad8   0x00000016   Code   RO          921    .text.HAL_Init      stm32f7xx_hal.o
    0x08000aee   0x08000aee   0x00000002   PAD
    0x08000af0   0x08000af0   0x00000050   Code   RO          923    .text.HAL_InitTick  stm32f7xx_hal.o
    0x08000b40   0x08000b40   0x00000032   Code   RO          163    .text.HAL_MspInit   stm32f7xx_hal_msp.o
    0x08000b72   0x08000b72   0x00000006   PAD
    0x08000b78   0x08000b78   0x00000008   Code   RO          216    .text.HAL_NVIC_EnableIRQ  stm32f7xx_hal_cortex.o
    0x08000b80   0x08000b80   0x0000001e   Code   RO          208    .text.HAL_NVIC_SetPriority  stm32f7xx_hal_cortex.o
    0x08000b9e   0x08000b9e   0x00000002   PAD
    0x08000ba0   0x08000ba0   0x00000008   Code   RO          204    .text.HAL_NVIC_SetPriorityGrouping  stm32f7xx_hal_cortex.o
    0x08000ba8   0x08000ba8   0x00000076   Code   RO          903    .text.HAL_PWREx_EnableOverDrive  stm32f7xx_hal_pwr_ex.o
    0x08000c1e   0x08000c1e   0x00000002   PAD
    0x08000c20   0x08000c20   0x000005be   Code   RO          660    .text.HAL_RCCEx_PeriphCLKConfig  stm32f7xx_hal_rcc_ex.o
    0x080011de   0x080011de   0x00000002   PAD
    0x080011e0   0x080011e0   0x00000152   Code   RO          628    .text.HAL_RCC_ClockConfig  stm32f7xx_hal_rcc.o
    0x08001332   0x08001332   0x00000006   PAD
    0x08001338   0x08001338   0x0000000c   Code   RO          638    .text.HAL_RCC_GetHCLKFreq  stm32f7xx_hal_rcc.o
    0x08001344   0x08001344   0x00000004   PAD
    0x08001348   0x08001348   0x00000022   Code   RO          640    .text.HAL_RCC_GetPCLK1Freq  stm32f7xx_hal_rcc.o
    0x0800136a   0x0800136a   0x00000006   PAD
    0x08001370   0x08001370   0x00000022   Code   RO          642    .text.HAL_RCC_GetPCLK2Freq  stm32f7xx_hal_rcc.o
    0x08001392   0x08001392   0x00000006   PAD
    0x08001398   0x08001398   0x0000006a   Code   RO          630    .text.HAL_RCC_GetSysClockFreq  stm32f7xx_hal_rcc.o
    0x08001402   0x08001402   0x00000006   PAD
    0x08001408   0x08001408   0x00000350   Code   RO          626    .text.HAL_RCC_OscConfig  stm32f7xx_hal_rcc.o
    0x08001758   0x08001758   0x00000008   Code   RO          228    .text.HAL_SYSTICK_Config  stm32f7xx_hal_cortex.o
    0x08001760   0x08001760   0x00000002   Code   RO          610    .text.HAL_TIMEx_Break2Callback  stm32f7xx_hal_tim_ex.o
    0x08001762   0x08001762   0x00000006   PAD
    0x08001768   0x08001768   0x00000002   Code   RO          608    .text.HAL_TIMEx_BreakCallback  stm32f7xx_hal_tim_ex.o
    0x0800176a   0x0800176a   0x00000006   PAD
    0x08001770   0x08001770   0x00000002   Code   RO          604    .text.HAL_TIMEx_CommutCallback  stm32f7xx_hal_tim_ex.o
    0x08001772   0x08001772   0x00000006   PAD
    0x08001778   0x08001778   0x000000cc   Code   RO          594    .text.HAL_TIMEx_MasterConfigSynchronization  stm32f7xx_hal_tim_ex.o
    0x08001844   0x08001844   0x00000004   PAD
    0x08001848   0x08001848   0x00000060   Code   RO          276    .text.HAL_TIM_Base_Init  stm32f7xx_hal_tim.o
    0x080018a8   0x080018a8   0x0000015a   Code   RO           67    .text.HAL_TIM_Base_MspInit  tim.o
    0x08001a02   0x08001a02   0x00000006   PAD
    0x08001a08   0x08001a08   0x000000aa   Code   RO          286    .text.HAL_TIM_Base_Start  stm32f7xx_hal_tim.o
    0x08001ab2   0x08001ab2   0x00000006   PAD
    0x08001ab8   0x08001ab8   0x000000b2   Code   RO          290    .text.HAL_TIM_Base_Start_IT  stm32f7xx_hal_tim.o
    0x08001b6a   0x08001b6a   0x00000006   PAD
    0x08001b70   0x08001b70   0x0000002a   Code   RO          288    .text.HAL_TIM_Base_Stop  stm32f7xx_hal_tim.o
    0x08001b9a   0x08001b9a   0x00000006   PAD
    0x08001ba0   0x08001ba0   0x000000d2   Code   RO          472    .text.HAL_TIM_ConfigClockSource  stm32f7xx_hal_tim.o
    0x08001c72   0x08001c72   0x00000006   PAD
    0x08001c78   0x08001c78   0x00000166   Code   RO           77    .text.HAL_TIM_IC_CaptureCallback  tim.o
    0x08001dde   0x08001dde   0x00000002   PAD
    0x08001de0   0x08001de0   0x00000092   Code   RO          436    .text.HAL_TIM_IC_ConfigChannel  stm32f7xx_hal_tim.o
    0x08001e72   0x08001e72   0x00000006   PAD
    0x08001e78   0x08001e78   0x00000060   Code   RO          350    .text.HAL_TIM_IC_Init  stm32f7xx_hal_tim.o
    0x08001ed8   0x08001ed8   0x00000002   Code   RO          352    .text.HAL_TIM_IC_MspInit  stm32f7xx_hal_tim.o
    0x08001eda   0x08001eda   0x00000006   PAD
    0x08001ee0   0x08001ee0   0x00000198   Code   RO          362    .text.HAL_TIM_IC_Start_IT  stm32f7xx_hal_tim.o
    0x08002078   0x08002078   0x00000188   Code   RO          410    .text.HAL_TIM_IRQHandler  stm32f7xx_hal_tim.o
    0x08002200   0x08002200   0x00000002   Code   RO          414    .text.HAL_TIM_OC_DelayElapsedCallback  stm32f7xx_hal_tim.o
    0x08002202   0x08002202   0x00000006   PAD
    0x08002208   0x08002208   0x00000002   Code   RO          416    .text.HAL_TIM_PWM_PulseFinishedCallback  stm32f7xx_hal_tim.o
    0x0800220a   0x0800220a   0x00000006   PAD
    0x08002210   0x08002210   0x00000108   Code   RO           75    .text.HAL_TIM_PeriodElapsedCallback  tim.o
    0x08002318   0x08002318   0x00000034   Code   RO          488    .text.HAL_TIM_ReadCapturedValue  stm32f7xx_hal_tim.o
    0x0800234c   0x0800234c   0x00000004   PAD
    0x08002350   0x08002350   0x0000004a   Code   RO          482    .text.HAL_TIM_SlaveConfigSynchro  stm32f7xx_hal_tim.o
    0x0800239a   0x0800239a   0x00000006   PAD
    0x080023a0   0x080023a0   0x00000002   Code   RO          420    .text.HAL_TIM_TriggerCallback  stm32f7xx_hal_tim.o
    0x080023a2   0x080023a2   0x00000006   PAD
    0x080023a8   0x080023a8   0x0000005e   Code   RO         1202    .text.HAL_UART_Init  stm32f7xx_hal_uart.o
    0x08002406   0x08002406   0x00000002   PAD
    0x08002408   0x08002408   0x000000ac   Code   RO          111    .text.HAL_UART_MspInit  usart.o
    0x080024b4   0x080024b4   0x00000004   PAD
    0x080024b8   0x080024b8   0x000000d4   Code   RO         1222    .text.HAL_UART_Transmit  stm32f7xx_hal_uart.o
    0x0800258c   0x0800258c   0x00000004   PAD
    0x08002590   0x08002590   0x00000002   Code   RO          138    .text.HardFault_Handler  stm32f7xx_it.o
    0x08002592   0x08002592   0x00000006   PAD
    0x08002598   0x08002598   0x00000152   Code   RO           43    .text.MX_GPIO_Init  gpio.o
    0x080026ea   0x080026ea   0x00000006   PAD
    0x080026f0   0x080026f0   0x0000007c   Code   RO           59    .text.MX_TIM1_Init  tim.o
    0x0800276c   0x0800276c   0x00000004   PAD
    0x08002770   0x08002770   0x0000007a   Code   RO           61    .text.MX_TIM2_Init  tim.o
    0x080027ea   0x080027ea   0x00000006   PAD
    0x080027f0   0x080027f0   0x000000c8   Code   RO           63    .text.MX_TIM5_Init  tim.o
    0x080028b8   0x080028b8   0x00000054   Code   RO           65    .text.MX_TIM6_Init  tim.o
    0x0800290c   0x0800290c   0x00000004   PAD
    0x08002910   0x08002910   0x0000003e   Code   RO          107    .text.MX_USART1_UART_Init  usart.o
    0x0800294e   0x0800294e   0x00000002   PAD
    0x08002950   0x08002950   0x0000003e   Code   RO          109    .text.MX_USART2_UART_Init  usart.o
    0x0800298e   0x0800298e   0x00000002   PAD
    0x08002990   0x08002990   0x00000002   Code   RO          140    .text.MemManage_Handler  stm32f7xx_it.o
    0x08002992   0x08002992   0x00000006   PAD
    0x08002998   0x08002998   0x00000106   Code   RO          121    .text.Motor_GO      usart.o
    0x08002a9e   0x08002a9e   0x00000002   PAD
    0x08002aa0   0x08002aa0   0x0000013a   Code   RO          115    .text.Motor_Rotate  usart.o
    0x08002bda   0x08002bda   0x00000006   PAD
    0x08002be0   0x08002be0   0x00000106   Code   RO          123    .text.Motor_Stop    usart.o
    0x08002ce6   0x08002ce6   0x00000002   PAD
    0x08002ce8   0x08002ce8   0x00000002   Code   RO          136    .text.NMI_Handler   stm32f7xx_it.o
    0x08002cea   0x08002cea   0x00000006   PAD
    0x08002cf0   0x08002cf0   0x0000002e   Code   RO          214    .text.NVIC_EncodePriority  stm32f7xx_hal_cortex.o
    0x08002d1e   0x08002d1e   0x00000002   PAD
    0x08002d20   0x08002d20   0x00000002   Code   RO          150    .text.PendSV_Handler  stm32f7xx_it.o
    0x08002d22   0x08002d22   0x00000006   PAD
    0x08002d28   0x08002d28   0x00000002   Code   RO          146    .text.SVC_Handler   stm32f7xx_it.o
    0x08002d2a   0x08002d2a   0x00000006   PAD
    0x08002d30   0x08002d30   0x00000032   Code   RO           45    .text.Sonic_Trig    gpio.o
    0x08002d62   0x08002d62   0x00000006   PAD
    0x08002d68   0x08002d68   0x0000001c   Code   RO          195    .text.Stop          motor.o
    0x08002d84   0x08002d84   0x00000004   PAD
    0x08002d88   0x08002d88   0x0000002e   Code   RO          230    .text.SysTick_Config  stm32f7xx_hal_cortex.o
    0x08002db6   0x08002db6   0x00000002   PAD
    0x08002db8   0x08002db8   0x00000008   Code   RO          152    .text.SysTick_Handler  stm32f7xx_it.o
    0x08002dc0   0x08002dc0   0x000000ae   Code   RO           13    .text.SystemClock_Config  main.o
    0x08002e6e   0x08002e6e   0x00000002   PAD
    0x08002e70   0x08002e70   0x00000012   Code   RO         1374    .text.SystemInit    system_stm32f7xx.o
    0x08002e82   0x08002e82   0x00000006   PAD
    0x08002e88   0x08002e88   0x00000024   Code   RO           41    .text.TCS_Next      gpio.o
    0x08002eac   0x08002eac   0x00000004   PAD
    0x08002eb0   0x08002eb0   0x00000010   Code   RO          154    .text.TIM1_UP_TIM10_IRQHandler  stm32f7xx_it.o
    0x08002ec0   0x08002ec0   0x00000010   Code   RO           71    .text.TIM5_IRQHandler  tim.o
    0x08002ed0   0x08002ed0   0x00000128   Code   RO          280    .text.TIM_Base_SetConfig  stm32f7xx_hal_tim.o
    0x08002ff8   0x08002ff8   0x0000001e   Code   RO          314    .text.TIM_CCxChannelCmd  stm32f7xx_hal_tim.o
    0x08003016   0x08003016   0x00000002   PAD
    0x08003018   0x08003018   0x00000014   Code   RO          470    .text.TIM_ETR_SetConfig  stm32f7xx_hal_tim.o
    0x0800302c   0x0800302c   0x00000004   PAD
    0x08003030   0x08003030   0x00000010   Code   RO          476    .text.TIM_ITRx_SetConfig  stm32f7xx_hal_tim.o
    0x08003040   0x08003040   0x0000008c   Code   RO          484    .text.TIM_SlaveTimer_SetConfig  stm32f7xx_hal_tim.o
    0x080030cc   0x080030cc   0x00000004   PAD
    0x080030d0   0x080030d0   0x00000022   Code   RO          474    .text.TIM_TI1_ConfigInputStage  stm32f7xx_hal_tim.o
    0x080030f2   0x080030f2   0x00000006   PAD
    0x080030f8   0x080030f8   0x000000a8   Code   RO          438    .text.TIM_TI1_SetConfig  stm32f7xx_hal_tim.o
    0x080031a0   0x080031a0   0x00000024   Code   RO          478    .text.TIM_TI2_ConfigInputStage  stm32f7xx_hal_tim.o
    0x080031c4   0x080031c4   0x00000004   PAD
    0x080031c8   0x080031c8   0x0000003a   Code   RO          440    .text.TIM_TI2_SetConfig  stm32f7xx_hal_tim.o
    0x08003202   0x08003202   0x00000006   PAD
    0x08003208   0x08003208   0x00000034   Code   RO          442    .text.TIM_TI3_SetConfig  stm32f7xx_hal_tim.o
    0x0800323c   0x0800323c   0x00000004   PAD
    0x08003240   0x08003240   0x0000003a   Code   RO          444    .text.TIM_TI4_SetConfig  stm32f7xx_hal_tim.o
    0x0800327a   0x0800327a   0x00000006   PAD
    0x08003280   0x08003280   0x0000003c   Code   RO          173    .text.TurnLeft      motor.o
    0x080032bc   0x080032bc   0x00000004   PAD
    0x080032c0   0x080032c0   0x0000003c   Code   RO          175    .text.TurnLeftB     motor.o
    0x080032fc   0x080032fc   0x00000004   PAD
    0x08003300   0x08003300   0x0000003c   Code   RO          177    .text.TurnRight     motor.o
    0x0800333c   0x0800333c   0x00000004   PAD
    0x08003340   0x08003340   0x0000003c   Code   RO          179    .text.TurnRightB    motor.o
    0x0800337c   0x0800337c   0x00000004   PAD
    0x08003380   0x08003380   0x00000034   Code   RO          103    .text.UART2_Send    usart.o
    0x080033b4   0x080033b4   0x00000004   PAD
    0x080033b8   0x080033b8   0x000000e0   Code   RO         1208    .text.UART_AdvFeatureConfig  stm32f7xx_hal_uart.o
    0x08003498   0x08003498   0x00000066   Code   RO         1210    .text.UART_CheckIdleState  stm32f7xx_hal_uart.o
    0x080034fe   0x080034fe   0x00000002   PAD
    0x08003500   0x08003500   0x00000248   Code   RO         1206    .text.UART_SetConfig  stm32f7xx_hal_uart.o
    0x08003748   0x08003748   0x000000b0   Code   RO         1224    .text.UART_WaitOnFlagUntilTimeout  stm32f7xx_hal_uart.o
    0x080037f8   0x080037f8   0x00000002   Code   RO          144    .text.UsageFault_Handler  stm32f7xx_it.o
    0x080037fa   0x080037fa   0x00000006   PAD
    0x08003800   0x08003800   0x00000020   Code   RO          218    .text.__NVIC_EnableIRQ  stm32f7xx_hal_cortex.o
    0x08003820   0x08003820   0x00000010   Code   RO          210    .text.__NVIC_GetPriorityGrouping  stm32f7xx_hal_cortex.o
    0x08003830   0x08003830   0x00000022   Code   RO          212    .text.__NVIC_SetPriority  stm32f7xx_hal_cortex.o
    0x08003852   0x08003852   0x00000006   PAD
    0x08003858   0x08003858   0x00000020   Code   RO          206    .text.__NVIC_SetPriorityGrouping  stm32f7xx_hal_cortex.o
    0x08003878   0x08003878   0x0000007e   Code   RO           39    .text.filter        gpio.o
    0x080038f6   0x080038f6   0x00000002   PAD
    0x080038f8   0x080038f8   0x00000030   Code   RO          105    .text.fputc         usart.o
    0x08003928   0x08003928   0x0000044c   Code   RO           11    .text.main          main.o
    0x08003d74   0x08003d74   0x00000004   PAD
    0x08003d78   0x08003d78   0x0000006a   Code   RO          117    .text.myitoa        usart.o
    0x08003de2   0x08003de2   0x00000002   PAD
    0x08003de4   0x08003de4   0x00000020   Code   RO         1636    i.__0printf         mc_w.l(printfa.o)
    0x08003e04   0x08003e04   0x0000000e   Code   RO         1713    i.__scatterload_copy  mc_w.l(handlers.o)
    0x08003e12   0x08003e12   0x00000002   Code   RO         1714    i.__scatterload_null  mc_w.l(handlers.o)
    0x08003e14   0x08003e14   0x0000000e   Code   RO         1715    i.__scatterload_zeroinit  mc_w.l(handlers.o)
    0x08003e22   0x08003e22   0x00000002   PAD
    0x08003e24   0x08003e24   0x00000184   Code   RO         1643    i._fp_digits        mc_w.l(printfa.o)
    0x08003fa8   0x08003fa8   0x000006dc   Code   RO         1644    i._printf_core      mc_w.l(printfa.o)
    0x08004684   0x08004684   0x00000024   Code   RO         1645    i._printf_post_padding  mc_w.l(printfa.o)
    0x080046a8   0x080046a8   0x0000002e   Code   RO         1646    i._printf_pre_padding  mc_w.l(printfa.o)
    0x080046d6   0x080046d6   0x00000002   PAD
    0x080046d8   0x080046d8   0x00000024   Code   RO         1391    i.puts              mc_w.l(puts.o)
    0x080046fc   0x080046fc   0x00000010   Data   RO         1379    .rodata.AHBPrescTable  system_stm32f7xx.o
    0x0800470c   0x0800470c   0x00000008   Data   RO         1380    .rodata.APBPrescTable  system_stm32f7xx.o
    0x08004714   0x08004714   0x00000003   Data   RO          127    .rodata.str1.1      usart.o
    0x08004717   0x08004717   0x00000001   PAD
    0x08004718   0x08004718   0x00000020   Data   RO         1712    Region$$Table       anon$$obj.o


    Execution Region RW_IRAM1 (Exec base: 0x20000000, Load base: 0x08004738, Size: 0x000006a0, Max: 0x00080000, ABSOLUTE)

    Exec Addr    Load Addr    Size         Type   Attr      Idx    E Section Name        Object

    0x20000000   0x08004738   0x00000004   Data   RW         1678    .data               mc_w.l(stdout.o)
    0x20000004   0x0800473c   0x00000004   Data   RW         1378    .data.SystemCoreClock  system_stm32f7xx.o
    0x20000008   0x08004740   0x00000001   Data   RW          984    .data.uwTickFreq    stm32f7xx_hal.o
    0x20000009   0x08004741   0x00000003   PAD
    0x2000000c   0x08004744   0x00000004   Data   RW          983    .data.uwTickPrio    stm32f7xx_hal.o
    0x20000010        -       0x00000004   Zero   RW           26    .bss.KEY1           main.o
    0x20000014        -       0x00000004   Zero   RW           27    .bss.KEY2           main.o
    0x20000018        -       0x00000004   Zero   RW           28    .bss.KEY3           main.o
    0x2000001c        -       0x00000004   Zero   RW           29    .bss.KEY4           main.o
    0x20000020        -       0x00000004   Zero   RW           30    .bss.KEY5           main.o
    0x20000024        -       0x0000000c   Zero   RW           25    .bss.RGB_Scale      main.o
    0x20000030        -       0x00000004   Zero   RW           92    .bss.TIM5CH1_CAPTURE_Date1  tim.o
    0x20000034        -       0x00000004   Zero   RW           88    .bss.TIM5CH1_CAPTURE_Date2  tim.o
    0x20000038        -       0x00000001   Zero   RW           85    .bss.TIM5CH1_CAPTURE_STA  tim.o
    0x20000039   0x08004748   0x00000003   PAD
    0x2000003c        -       0x00000004   Zero   RW           93    .bss.TIM5CH2_CAPTURE_Date1  tim.o
    0x20000040        -       0x00000004   Zero   RW           89    .bss.TIM5CH2_CAPTURE_Date2  tim.o
    0x20000044        -       0x00000001   Zero   RW           86    .bss.TIM5CH2_CAPTURE_STA  tim.o
    0x20000045   0x08004748   0x00000001   PAD
    0x20000046        -       0x00000002   Zero   RW           90    .bss.Ultrasonic_us1  tim.o
    0x20000048        -       0x00000002   Zero   RW           91    .bss.Ultrasonic_us2  tim.o
    0x2000004a   0x08004748   0x00000002   PAD
    0x2000004c        -       0x00000004   Zero   RW           24    .bss.black_cnt      main.o
    0x20000050        -       0x0000000c   Zero   RW           87    .bss.cnt            tim.o
    0x2000005c        -       0x00000004   Zero   RW           50    .bss.count          gpio.o
    0x20000060        -       0x00000004   Zero   RW           49    .bss.flag           gpio.o
    0x20000064        -       0x0000004c   Zero   RW           81    .bss.htim1          tim.o
    0x200000b0        -       0x0000004c   Zero   RW           82    .bss.htim2          tim.o
    0x200000fc        -       0x0000004c   Zero   RW           83    .bss.htim5          tim.o
    0x20000148        -       0x0000004c   Zero   RW           84    .bss.htim6          tim.o
    0x20000194        -       0x00000084   Zero   RW          126    .bss.huart1         usart.o
    0x20000218        -       0x00000084   Zero   RW          125    .bss.huart2         usart.o
    0x2000029c        -       0x00000004   Zero   RW          985    .bss.uwTick         stm32f7xx_hal.o
    0x200002a0        -       0x00000400   Zero   RW            1    STACK               startup_stm32f767xx.o


==============================================================================

Image component sizes


      Code (inc. data)   RO Data    RW Data    ZI Data      Debug   Object Name

       550          0          0          0          8       3204   gpio.o
      1276        108          0          0         36       5217   main.o
       432          0          0          0          0       1332   motor.o
        36          8        504          0       1024        816   startup_stm32f767xx.o
       180          0          0          5          4       8289   stm32f7xx_hal.o
       260          0          0          0          0      11942   stm32f7xx_hal_cortex.o
       442          0          0          0          0       5299   stm32f7xx_hal_gpio.o
        50          0          0          0          0       1502   stm32f7xx_hal_msp.o
       118          0          0          0          0       5715   stm32f7xx_hal_pwr_ex.o
      1372          0          0          0          0       7787   stm32f7xx_hal_rcc.o
      1470          0          0          0          0       7420   stm32f7xx_hal_rcc_ex.o
      2780         32          0          0          0      47359   stm32f7xx_hal_tim.o
       210          0          0          0          0      20437   stm32f7xx_hal_tim_ex.o
      1392         52          0          0          0      23651   stm32f7xx_hal_uart.o
        40          0          0          0          0       1112   stm32f7xx_it.o
        18          0         24          4          0       3331   system_stm32f7xx.o
      1558          4          0          0        338      11378   tim.o
      1340          0          3          0        264       8706   usart.o

    ----------------------------------------------------------------------
     13896        208        564         12       1680     174497   Object Totals
         0          0         32          0          0          0   (incl. Generated)
       372          4          1          3          6          0   (incl. Padding)

    ----------------------------------------------------------------------

      Code (inc. data)   RO Data    RW Data    ZI Data      Debug   Library Member Name

         0          0          0          0          0          0   entry.o
         0          0          0          0          0          0   entry10a.o
         0          0          0          0          0          0   entry11a.o
         8          4          0          0          0          0   entry2.o
         4          0          0          0          0          0   entry5.o
         0          0          0          0          0          0   entry7b.o
         0          0          0          0          0          0   entry8b.o
         8          4          0          0          0          0   entry9a.o
        30          0          0          0          0          0   handlers.o
        36          8          0          0          0         68   init.o
         0          0          0          0          0          0   iusefp.o
        30          0          0          0          0         68   llshl.o
        36          0          0          0          0         68   llsshr.o
        32          0          0          0          0         68   llushr.o
        36          0          0          0          0        108   memseta.o
      2258         90          0          0          0        452   printfa.o
        36          6          0          0          0         80   puts.o
         0          0          0          4          0          0   stdout.o
        24          0          0          0          0         68   strcat.o
        14          0          0          0          0         68   strlen.o
        44          0          0          0          0         80   uidiv.o
        98          0          0          0          0         92   uldiv.o
        48          0          0          0          0         68   cdrcmple.o
       334          0          0          0          0        148   dadd.o
       222          0          0          0          0        100   ddiv.o
       186          0          0          0          0        176   depilogue.o
        48          0          0          0          0         68   dfixul.o
       228          0          0          0          0         96   dmul.o

    ----------------------------------------------------------------------
      3772        112          0          4          0       1876   Library Totals
        12          0          0          0          0          0   (incl. Padding)

    ----------------------------------------------------------------------

      Code (inc. data)   RO Data    RW Data    ZI Data      Debug   Library Name

      2694        112          0          4          0       1220   mc_w.l
      1066          0          0          0          0        656   mf_w.l

    ----------------------------------------------------------------------
      3772        112          0          4          0       1876   Library Totals

    ----------------------------------------------------------------------

==============================================================================


      Code (inc. data)   RO Data    RW Data    ZI Data      Debug   

     17668        320        564         16       1680     175385   Grand Totals
     17668        320        564         16       1680     175385   ELF Image Totals
     17668        320        564         16          0          0   ROM Totals

==============================================================================

    Total RO  Size (Code + RO Data)                18232 (  17.80kB)
    Total RW  Size (RW Data + ZI Data)              1696 (   1.66kB)
    Total ROM Size (Code + RO Data + RW Data)      18248 (  17.82kB)

==============================================================================

